nid007669:117670:117781 [5] NCCL INFO Setting affinity for GPU 5 to fefe
nid007669:117663:117780 [2] NCCL INFO Setting affinity for GPU 2 to fefe0000
nid007578:22661:23040 [7] NCCL INFO rocm_smi_lib: version 6.0.0.0
nid007148:104052:104911 [3] NCCL INFO Setting affinity for GPU 3 to fefe0000
nid007578:22652:23041 [2] NCCL INFO Setting affinity for GPU 2 to fefe0000,00000000,fefe0000
nid007597:59271:59905 [5] NCCL INFO Setting affinity for GPU 5 to fefe
nid007669:117673:117778 [7] NCCL INFO Setting affinity for GPU 7 to fefe,00000000
nid007669:117665:117779 [3] NCCL INFO Setting affinity for GPU 3 to fefe0000,00000000,fefe0000
nid007148:104057:104912 [6] NCCL INFO Setting affinity for GPU 6 to fefe,00000000
nid007578:22655:23042 [4] NCCL INFO Setting affinity for GPU 4 to fefe
nid007578:22649:23043 [0] NCCL INFO Setting affinity for GPU 0 to fefe0000,00000000
nid007148:104054:104910 [5] NCCL INFO Setting affinity for GPU 5 to fefe
nid007578:22659:23038 [6] NCCL INFO Setting affinity for GPU 6 to fefe,00000000
nid007578:22661:23040 [7] NCCL INFO Setting affinity for GPU 7 to fefe,00000000,0000fefe,00000000
nid007578:22659:23038 [6] NCCL INFO Trees [0] 39/-1/-1->38->36 [1] 36/-1/-1->38->39 [2] 32/23/-1->38->39 [3] 39/-1/-1->38->32 [4] 39/-1/-1->38->36 [5] 36/-1/-1->38->39 [6] 32/23/-1->38->39 [7] 39/-1/-1->38->32 [8] 39/-1/-1->38->36 [9] 36/-1/-1->38->39 [10] 32/-1/-1->38->39 [11] 39/-1/-1->38->32 [12] 39/-1/-1->38->36 [13] 36/-1/-1->38->39 [14] 32/-1/-1->38->39 [15] 39/-1/-1->38->32 comm 0x55661d0aae00 nRanks 64 busId d9000
nid007578:22655:23042 [4] NCCL INFO Trees [0] 38/-1/-1->36->37 [1] 37/-1/-1->36->38 [2] 37/-1/-1->36->34 [3] 34/21/-1->36->37 [4] 38/-1/-1->36->37 [5] 37/-1/-1->36->38 [6] 37/-1/-1->36->34 [7] 34/21/-1->36->37 [8] 38/-1/-1->36->37 [9] 37/-1/-1->36->38 [10] 37/-1/-1->36->34 [11] 34/-1/-1->36->37 [12] 38/-1/-1->36->37 [13] 37/-1/-1->36->38 [14] 37/-1/-1->36->34 [15] 34/-1/-1->36->37 comm 0x561c6c189140 nRanks 64 busId d1000
nid007578:22659:23038 [6] NCCL INFO P2P Chunksize set to 131072
nid007578:22655:23042 [4] NCCL INFO P2P Chunksize set to 131072
nid007578:22653:23039 [3] NCCL INFO Trees [0] 34/-1/-1->35->39 [1] 39/18/-1->35->34 [2] 34/-1/-1->35->33 [3] 33/-1/-1->35->34 [4] 34/-1/-1->35->39 [5] 39/18/-1->35->34 [6] 34/-1/-1->35->33 [7] 33/-1/-1->35->34 [8] 34/-1/-1->35->39 [9] 39/-1/-1->35->34 [10] 34/-1/-1->35->33 [11] 33/-1/-1->35->34 [12] 34/-1/-1->35->39 [13] 39/-1/-1->35->34 [14] 34/-1/-1->35->33 [15] 33/-1/-1->35->34 comm 0x55a6ebe03260 nRanks 64 busId ce000
nid007578:22653:23039 [3] NCCL INFO P2P Chunksize set to 131072
nid007518:57438:57544 [7] NCCL INFO Trees [0] 27/-1/-1->31->30 [1] 30/-1/-1->31->27 [2] 30/-1/-1->31->23 [3] -1/-1/-1->31->30 [4] 27/-1/-1->31->30 [5] 30/-1/-1->31->27 [6] 30/-1/-1->31->23 [7] -1/-1/-1->31->30 [8] 27/-1/-1->31->30 [9] 30/-1/-1->31->27 [10] 30/15/-1->31->63 [11] -1/-1/-1->31->30 [12] 27/-1/-1->31->30 [13] 30/-1/-1->31->27 [14] 30/15/-1->31->63 [15] -1/-1/-1->31->30 comm 0x5562cab36c40 nRanks 64 busId de000
nid007518:57438:57544 [7] NCCL INFO P2P Chunksize set to 131072
nid007578:22652:23041 [2] NCCL INFO Trees [0] -1/-1/-1->34->35 [1] 35/50/-1->34->2 [2] 36/-1/-1->34->35 [3] 35/-1/-1->34->36 [4] -1/-1/-1->34->35 [5] 35/50/-1->34->2 [6] 36/-1/-1->34->35 [7] 35/-1/-1->34->36 [8] -1/-1/-1->34->35 [9] 35/-1/-1->34->42 [10] 36/-1/-1->34->35 [11] 35/-1/-1->34->36 [12] -1/-1/-1->34->35 [13] 35/-1/-1->34->42 [14] 36/-1/-1->34->35 [15] 35/-1/-1->34->36 comm 0x55caa292fd70 nRanks 64 busId c9000
nid007578:22652:23041 [2] NCCL INFO P2P Chunksize set to 131072
nid007578:22657:23036 [5] NCCL INFO Trees [0] 36/-1/-1->37->33 [1] 33/-1/-1->37->36 [2] -1/-1/-1->37->36 [3] 36/53/-1->37->5 [4] 36/-1/-1->37->33 [5] 33/-1/-1->37->36 [6] -1/-1/-1->37->36 [7] 36/53/-1->37->5 [8] 36/-1/-1->37->33 [9] 33/-1/-1->37->36 [10] -1/-1/-1->37->36 [11] 36/-1/-1->37->45 [12] 36/-1/-1->37->33 [13] 33/-1/-1->37->36 [14] -1/-1/-1->37->36 [15] 36/-1/-1->37->45 comm 0x5598de051200 nRanks 64 busId d6000
nid007578:22657:23036 [5] NCCL INFO P2P Chunksize set to 131072
nid007578:22650:23037 [1] NCCL INFO Trees [0] 37/16/-1->33->32 [1] 32/-1/-1->33->37 [2] 35/-1/-1->33->32 [3] 32/-1/-1->33->35 [4] 37/16/-1->33->32 [5] 32/-1/-1->33->37 [6] 35/-1/-1->33->32 [7] 32/-1/-1->33->35 [8] 37/-1/-1->33->32 [9] 32/-1/-1->33->37 [10] 35/-1/-1->33->32 [11] 32/-1/-1->33->35 [12] 37/-1/-1->33->32 [13] 32/-1/-1->33->37 [14] 35/-1/-1->33->32 [15] 32/-1/-1->33->35 comm 0x5562bca736d0 nRanks 64 busId c6000
nid007578:22650:23037 [1] NCCL INFO P2P Chunksize set to 131072
nid007597:59263:59908 [0] NCCL INFO Trees [0] 41/-1/-1->40->49 [1] -1/-1/-1->40->41 [2] 41/-1/-1->40->46 [3] 46/-1/-1->40->41 [4] 41/-1/-1->40->49 [5] -1/-1/-1->40->41 [6] 41/-1/-1->40->46 [7] 46/-1/-1->40->41 [8] 41/32/-1->40->25 [9] -1/-1/-1->40->41 [10] 41/-1/-1->40->46 [11] 46/-1/-1->40->41 [12] 41/32/-1->40->25 [13] -1/-1/-1->40->41 [14] 41/-1/-1->40->46 [15] 46/-1/-1->40->41 comm 0x560017990cb0 nRanks 64 busId c1000
nid007597:59263:59908 [0] NCCL INFO P2P Chunksize set to 131072
nid007597:59275:59911 [7] NCCL INFO Trees [0] 43/-1/-1->47->46 [1] 46/-1/-1->47->43 [2] 46/-1/-1->47->54 [3] -1/-1/-1->47->46 [4] 43/-1/-1->47->46 [5] 46/-1/-1->47->43 [6] 46/-1/-1->47->54 [7] -1/-1/-1->47->46 [8] 43/-1/-1->47->46 [9] 46/-1/-1->47->43 [10] 46/39/-1->47->30 [11] -1/-1/-1->47->46 [12] 43/-1/-1->47->46 [13] 46/-1/-1->47->43 [14] 46/39/-1->47->30 [15] -1/-1/-1->47->46 comm 0x55a3c6312af0 nRanks 64 busId de000
nid007518:57436:57545 [6] NCCL INFO Trees [0] 31/-1/-1->30->28 [1] 28/-1/-1->30->31 [2] 24/-1/-1->30->31 [3] 31/-1/-1->30->24 [4] 31/-1/-1->30->28 [5] 28/-1/-1->30->31 [6] 24/-1/-1->30->31 [7] 31/-1/-1->30->24 [8] 31/-1/-1->30->28 [9] 28/-1/-1->30->31 [10] 24/47/-1->30->31 [11] 31/-1/-1->30->24 [12] 31/-1/-1->30->28 [13] 28/-1/-1->30->31 [14] 24/47/-1->30->31 [15] 31/-1/-1->30->24 comm 0x55eb7cd39650 nRanks 64 busId d9000
nid007518:57436:57545 [6] NCCL INFO P2P Chunksize set to 131072
nid007518:57434:57549 [5] NCCL INFO Trees [0] 28/-1/-1->29->25 [1] 25/-1/-1->29->28 [2] -1/-1/-1->29->28 [3] 28/-1/-1->29->21 [4] 28/-1/-1->29->25 [5] 25/-1/-1->29->28 [6] -1/-1/-1->29->28 [7] 28/-1/-1->29->21 [8] 28/-1/-1->29->25 [9] 25/-1/-1->29->28 [10] -1/-1/-1->29->28 [11] 28/13/-1->29->61 [12] 28/-1/-1->29->25 [13] 25/-1/-1->29->28 [14] -1/-1/-1->29->28 [15] 28/13/-1->29->61 comm 0x560fc4321500 nRanks 64 busId d6000
nid007518:57434:57549 [5] NCCL INFO P2P Chunksize set to 131072
nid007578:22649:23043 [0] NCCL INFO Trees [0] 33/48/-1->32->0 [1] -1/-1/-1->32->33 [2] 33/-1/-1->32->38 [3] 38/-1/-1->32->33 [4] 33/48/-1->32->0 [5] -1/-1/-1->32->33 [6] 33/-1/-1->32->38 [7] 38/-1/-1->32->33 [8] 33/-1/-1->32->40 [9] -1/-1/-1->32->33 [10] 33/-1/-1->32->38 [11] 38/-1/-1->32->33 [12] 33/-1/-1->32->40 [13] -1/-1/-1->32->33 [14] 33/-1/-1->32->38 [15] 38/-1/-1->32->33 comm 0x55882ed50a50 nRanks 64 busId c1000
nid007578:22649:23043 [0] NCCL INFO P2P Chunksize set to 131072
nid007518:57433:57543 [4] NCCL INFO Trees [0] 30/-1/-1->28->29 [1] 29/-1/-1->28->30 [2] 29/-1/-1->28->26 [3] 26/-1/-1->28->29 [4] 30/-1/-1->28->29 [5] 29/-1/-1->28->30 [6] 29/-1/-1->28->26 [7] 26/-1/-1->28->29 [8] 30/-1/-1->28->29 [9] 29/-1/-1->28->30 [10] 29/-1/-1->28->26 [11] 26/45/-1->28->29 [12] 30/-1/-1->28->29 [13] 29/-1/-1->28->30 [14] 29/-1/-1->28->26 [15] 26/45/-1->28->29 comm 0x5616d77baf40 nRanks 64 busId d1000
nid007518:57433:57543 [4] NCCL INFO P2P Chunksize set to 131072
nid007518:57430:57547 [3] NCCL INFO Trees [0] 26/-1/-1->27->31 [1] 31/-1/-1->27->26 [2] 26/-1/-1->27->25 [3] 25/-1/-1->27->26 [4] 26/-1/-1->27->31 [5] 31/-1/-1->27->26 [6] 26/-1/-1->27->25 [7] 25/-1/-1->27->26 [8] 26/-1/-1->27->31 [9] 31/42/-1->27->26 [10] 26/-1/-1->27->25 [11] 25/-1/-1->27->26 [12] 26/-1/-1->27->31 [13] 31/42/-1->27->26 [14] 26/-1/-1->27->25 [15] 25/-1/-1->27->26 comm 0x55a259538800 nRanks 64 busId ce000
nid007518:57430:57547 [3] NCCL INFO P2P Chunksize set to 131072
nid007405:53920:54042 [7] NCCL INFO Trees [0] 19/-1/-1->23->22 [1] 22/-1/-1->23->19 [2] 22/31/-1->23->38 [3] -1/-1/-1->23->22 [4] 19/-1/-1->23->22 [5] 22/-1/-1->23->19 [6] 22/31/-1->23->38 [7] -1/-1/-1->23->22 [8] 19/-1/-1->23->22 [9] 22/-1/-1->23->19 [10] 22/-1/-1->23->14 [11] -1/-1/-1->23->22 [12] 19/-1/-1->23->22 [13] 22/-1/-1->23->19 [14] 22/-1/-1->23->14 [15] -1/-1/-1->23->22 comm 0x5654a9929a80 nRanks 64 busId de000
nid007405:53920:54042 [7] NCCL INFO P2P Chunksize set to 131072
nid007405:53918:54043 [6] NCCL INFO Trees [0] 23/-1/-1->22->20 [1] 20/-1/-1->22->23 [2] 16/15/-1->22->23 [3] 23/-1/-1->22->16 [4] 23/-1/-1->22->20 [5] 20/-1/-1->22->23 [6] 16/15/-1->22->23 [7] 23/-1/-1->22->16 [8] 23/-1/-1->22->20 [9] 20/-1/-1->22->23 [10] 16/-1/-1->22->23 [11] 23/-1/-1->22->16 [12] 23/-1/-1->22->20 [13] 20/-1/-1->22->23 [14] 16/-1/-1->22->23 [15] 23/-1/-1->22->16 comm 0x560276ee1580 nRanks 64 busId d9000
nid007597:59275:59911 [7] NCCL INFO P2P Chunksize set to 131072
nid007597:59273:59910 [6] NCCL INFO Trees [0] 47/-1/-1->46->44 [1] 44/-1/-1->46->47 [2] 40/-1/-1->46->47 [3] 47/-1/-1->46->40 [4] 47/-1/-1->46->44 [5] 44/-1/-1->46->47 [6] 40/-1/-1->46->47 [7] 47/-1/-1->46->40 [8] 47/-1/-1->46->44 [9] 44/-1/-1->46->47 [10] 40/55/-1->46->47 [11] 47/-1/-1->46->40 [12] 47/-1/-1->46->44 [13] 44/-1/-1->46->47 [14] 40/55/-1->46->47 [15] 47/-1/-1->46->40 comm 0x562e353e9ef0 nRanks 64 busId d9000
nid007597:59271:59905 [5] NCCL INFO Trees [0] 44/-1/-1->45->41 [1] 41/-1/-1->45->44 [2] -1/-1/-1->45->44 [3] 44/-1/-1->45->52 [4] 44/-1/-1->45->41 [5] 41/-1/-1->45->44 [6] -1/-1/-1->45->44 [7] 44/-1/-1->45->52 [8] 44/-1/-1->45->41 [9] 41/-1/-1->45->44 [10] -1/-1/-1->45->44 [11] 44/37/-1->45->28 [12] 44/-1/-1->45->41 [13] 41/-1/-1->45->44 [14] -1/-1/-1->45->44 [15] 44/37/-1->45->28 comm 0x5559494fa3e0 nRanks 64 busId d6000
nid007597:59273:59910 [6] NCCL INFO P2P Chunksize set to 131072
nid007597:59271:59905 [5] NCCL INFO P2P Chunksize set to 131072
nid007597:59267:59907 [3] NCCL INFO Trees [0] 42/-1/-1->43->47 [1] 47/-1/-1->43->42 [2] 42/-1/-1->43->41 [3] 41/-1/-1->43->42 [4] 42/-1/-1->43->47 [5] 47/-1/-1->43->42 [6] 42/-1/-1->43->41 [7] 41/-1/-1->43->42 [8] 42/-1/-1->43->47 [9] 47/50/-1->43->42 [10] 42/-1/-1->43->41 [11] 41/-1/-1->43->42 [12] 42/-1/-1->43->47 [13] 47/50/-1->43->42 [14] 42/-1/-1->43->41 [15] 41/-1/-1->43->42 comm 0x56271cc28f00 nRanks 64 busId ce000
nid007518:57428:57548 [2] NCCL INFO Trees [0] -1/-1/-1->26->27 [1] 27/-1/-1->26->18 [2] 28/-1/-1->26->27 [3] 27/-1/-1->26->28 [4] -1/-1/-1->26->27 [5] 27/-1/-1->26->18 [6] 28/-1/-1->26->27 [7] 27/-1/-1->26->28 [8] -1/-1/-1->26->27 [9] 27/10/-1->26->58 [10] 28/-1/-1->26->27 [11] 27/-1/-1->26->28 [12] -1/-1/-1->26->27 [13] 27/10/-1->26->58 [14] 28/-1/-1->26->27 [15] 27/-1/-1->26->28 comm 0x55979e067280 nRanks 64 busId c9000
nid007518:57428:57548 [2] NCCL INFO P2P Chunksize set to 131072
nid007405:53918:54043 [6] NCCL INFO P2P Chunksize set to 131072
nid007597:59267:59907 [3] NCCL INFO P2P Chunksize set to 131072
nid007597:59269:59904 [4] NCCL INFO Trees [0] 46/-1/-1->44->45 [1] 45/-1/-1->44->46 [2] 45/-1/-1->44->42 [3] 42/-1/-1->44->45 [4] 46/-1/-1->44->45 [5] 45/-1/-1->44->46 [6] 45/-1/-1->44->42 [7] 42/-1/-1->44->45 [8] 46/-1/-1->44->45 [9] 45/-1/-1->44->46 [10] 45/-1/-1->44->42 [11] 42/53/-1->44->45 [12] 46/-1/-1->44->45 [13] 45/-1/-1->44->46 [14] 45/-1/-1->44->42 [15] 42/53/-1->44->45 comm 0x555e6d791160 nRanks 64 busId d1000
nid007518:57427:57542 [1] NCCL INFO Trees [0] 29/-1/-1->25->24 [1] 24/-1/-1->25->29 [2] 27/-1/-1->25->24 [3] 24/-1/-1->25->27 [4] 29/-1/-1->25->24 [5] 24/-1/-1->25->29 [6] 27/-1/-1->25->24 [7] 24/-1/-1->25->27 [8] 29/40/-1->25->24 [9] 24/-1/-1->25->29 [10] 27/-1/-1->25->24 [11] 24/-1/-1->25->27 [12] 29/40/-1->25->24 [13] 24/-1/-1->25->29 [14] 27/-1/-1->25->24 [15] 24/-1/-1->25->27 comm 0x558b0dcefea0 nRanks 64 busId c6000
nid007518:57427:57542 [1] NCCL INFO P2P Chunksize set to 131072
nid007405:53916:54039 [5] NCCL INFO Trees [0] 20/-1/-1->21->17 [1] 17/-1/-1->21->20 [2] -1/-1/-1->21->20 [3] 20/29/-1->21->36 [4] 20/-1/-1->21->17 [5] 17/-1/-1->21->20 [6] -1/-1/-1->21->20 [7] 20/29/-1->21->36 [8] 20/-1/-1->21->17 [9] 17/-1/-1->21->20 [10] -1/-1/-1->21->20 [11] 20/-1/-1->21->12 [12] 20/-1/-1->21->17 [13] 17/-1/-1->21->20 [14] -1/-1/-1->21->20 [15] 20/-1/-1->21->12 comm 0x55c4cf8c7b50 nRanks 64 busId d6000
nid007597:59269:59904 [4] NCCL INFO P2P Chunksize set to 131072
nid007597:59265:59909 [2] NCCL INFO Trees [0] -1/-1/-1->42->43 [1] 43/-1/-1->42->51 [2] 44/-1/-1->42->43 [3] 43/-1/-1->42->44 [4] -1/-1/-1->42->43 [5] 43/-1/-1->42->51 [6] 44/-1/-1->42->43 [7] 43/-1/-1->42->44 [8] -1/-1/-1->42->43 [9] 43/34/-1->42->27 [10] 44/-1/-1->42->43 [11] 43/-1/-1->42->44 [12] -1/-1/-1->42->43 [13] 43/34/-1->42->27 [14] 44/-1/-1->42->43 [15] 43/-1/-1->42->44 comm 0x55fcc2b2e4f0 nRanks 64 busId c9000
nid007597:59265:59909 [2] NCCL INFO P2P Chunksize set to 131072
nid007597:59264:59906 [1] NCCL INFO Trees [0] 45/-1/-1->41->40 [1] 40/-1/-1->41->45 [2] 43/-1/-1->41->40 [3] 40/-1/-1->41->43 [4] 45/-1/-1->41->40 [5] 40/-1/-1->41->45 [6] 43/-1/-1->41->40 [7] 40/-1/-1->41->43 [8] 45/48/-1->41->40 [9] 40/-1/-1->41->45 [10] 43/-1/-1->41->40 [11] 40/-1/-1->41->43 [12] 45/48/-1->41->40 [13] 40/-1/-1->41->45 [14] 43/-1/-1->41->40 [15] 40/-1/-1->41->43 comm 0x55bb55cc27f0 nRanks 64 busId c6000
nid007518:57426:57546 [0] NCCL INFO Trees [0] 25/-1/-1->24->16 [1] -1/-1/-1->24->25 [2] 25/-1/-1->24->30 [3] 30/-1/-1->24->25 [4] 25/-1/-1->24->16 [5] -1/-1/-1->24->25 [6] 25/-1/-1->24->30 [7] 30/-1/-1->24->25 [8] 25/8/-1->24->56 [9] -1/-1/-1->24->25 [10] 25/-1/-1->24->30 [11] 30/-1/-1->24->25 [12] 25/8/-1->24->56 [13] -1/-1/-1->24->25 [14] 25/-1/-1->24->30 [15] 30/-1/-1->24->25 comm 0x55e4845d0230 nRanks 64 busId c1000
nid007518:57426:57546 [0] NCCL INFO P2P Chunksize set to 131072
nid007405:53916:54039 [5] NCCL INFO P2P Chunksize set to 131072
nid007597:59264:59906 [1] NCCL INFO P2P Chunksize set to 131072
nid007405:53914:54038 [4] NCCL INFO Trees [0] 22/-1/-1->20->21 [1] 21/-1/-1->20->22 [2] 21/-1/-1->20->18 [3] 18/13/-1->20->21 [4] 22/-1/-1->20->21 [5] 21/-1/-1->20->22 [6] 21/-1/-1->20->18 [7] 18/13/-1->20->21 [8] 22/-1/-1->20->21 [9] 21/-1/-1->20->22 [10] 21/-1/-1->20->18 [11] 18/-1/-1->20->21 [12] 22/-1/-1->20->21 [13] 21/-1/-1->20->22 [14] 21/-1/-1->20->18 [15] 18/-1/-1->20->21 comm 0x56507236b350 nRanks 64 busId d1000
nid007405:53914:54038 [4] NCCL INFO P2P Chunksize set to 131072
nid007148:104059:104908 [7] NCCL INFO Trees [0] 11/-1/-1->15->14 [1] 14/-1/-1->15->11 [2] 14/-1/-1->15->22 [3] -1/-1/-1->15->14 [4] 11/-1/-1->15->14 [5] 14/-1/-1->15->11 [6] 14/-1/-1->15->22 [7] -1/-1/-1->15->14 [8] 11/-1/-1->15->14 [9] 14/-1/-1->15->11 [10] 14/7/-1->15->31 [11] -1/-1/-1->15->14 [12] 11/-1/-1->15->14 [13] 14/-1/-1->15->11 [14] 14/7/-1->15->31 [15] -1/-1/-1->15->14 comm 0x558fc11a5630 nRanks 64 busId de000
nid007148:104057:104912 [6] NCCL INFO Trees [0] 15/-1/-1->14->12 [1] 12/-1/-1->14->15 [2] 8/-1/-1->14->15 [3] 15/-1/-1->14->8 [4] 15/-1/-1->14->12 [5] 12/-1/-1->14->15 [6] 8/-1/-1->14->15 [7] 15/-1/-1->14->8 [8] 15/-1/-1->14->12 [9] 12/-1/-1->14->15 [10] 8/23/-1->14->15 [11] 15/-1/-1->14->8 [12] 15/-1/-1->14->12 [13] 12/-1/-1->14->15 [14] 8/23/-1->14->15 [15] 15/-1/-1->14->8 comm 0x557400521be0 nRanks 64 busId d9000
nid007148:104057:104912 [6] NCCL INFO P2P Chunksize set to 131072
nid007148:104059:104908 [7] NCCL INFO P2P Chunksize set to 131072
nid007405:53912:54040 [3] NCCL INFO Trees [0] 18/-1/-1->19->23 [1] 23/10/-1->19->18 [2] 18/-1/-1->19->17 [3] 17/-1/-1->19->18 [4] 18/-1/-1->19->23 [5] 23/10/-1->19->18 [6] 18/-1/-1->19->17 [7] 17/-1/-1->19->18 [8] 18/-1/-1->19->23 [9] 23/-1/-1->19->18 [10] 18/-1/-1->19->17 [11] 17/-1/-1->19->18 [12] 18/-1/-1->19->23 [13] 23/-1/-1->19->18 [14] 18/-1/-1->19->17 [15] 17/-1/-1->19->18 comm 0x55937bb98e90 nRanks 64 busId ce000
nid007405:53910:54037 [2] NCCL INFO Trees [0] -1/-1/-1->18->19 [1] 19/26/-1->18->35 [2] 20/-1/-1->18->19 [3] 19/-1/-1->18->20 [4] -1/-1/-1->18->19 [5] 19/26/-1->18->35 [6] 20/-1/-1->18->19 [7] 19/-1/-1->18->20 [8] -1/-1/-1->18->19 [9] 19/-1/-1->18->11 [10] 20/-1/-1->18->19 [11] 19/-1/-1->18->20 [12] -1/-1/-1->18->19 [13] 19/-1/-1->18->11 [14] 20/-1/-1->18->19 [15] 19/-1/-1->18->20 comm 0x557ed6ff2210 nRanks 64 busId c9000
nid007405:53910:54037 [2] NCCL INFO P2P Chunksize set to 131072
nid007405:53912:54040 [3] NCCL INFO P2P Chunksize set to 131072
nid007405:53909:54041 [1] NCCL INFO Trees [0] 21/8/-1->17->16 [1] 16/-1/-1->17->21 [2] 19/-1/-1->17->16 [3] 16/-1/-1->17->19 [4] 21/8/-1->17->16 [5] 16/-1/-1->17->21 [6] 19/-1/-1->17->16 [7] 16/-1/-1->17->19 [8] 21/-1/-1->17->16 [9] 16/-1/-1->17->21 [10] 19/-1/-1->17->16 [11] 16/-1/-1->17->19 [12] 21/-1/-1->17->16 [13] 16/-1/-1->17->21 [14] 19/-1/-1->17->16 [15] 16/-1/-1->17->19 comm 0x561bf697ae80 nRanks 64 busId c6000
nid007405:53909:54041 [1] NCCL INFO P2P Chunksize set to 131072
nid007405:53908:54036 [0] NCCL INFO Trees [0] 17/24/-1->16->33 [1] -1/-1/-1->16->17 [2] 17/-1/-1->16->22 [3] 22/-1/-1->16->17 [4] 17/24/-1->16->33 [5] -1/-1/-1->16->17 [6] 17/-1/-1->16->22 [7] 22/-1/-1->16->17 [8] 17/-1/-1->16->9 [9] -1/-1/-1->16->17 [10] 17/-1/-1->16->22 [11] 22/-1/-1->16->17 [12] 17/-1/-1->16->9 [13] -1/-1/-1->16->17 [14] 17/-1/-1->16->22 [15] 22/-1/-1->16->17 comm 0x5616360497c0 nRanks 64 busId c1000
nid007405:53908:54036 [0] NCCL INFO P2P Chunksize set to 131072
nid007148:104054:104910 [5] NCCL INFO Trees [0] 12/-1/-1->13->9 [1] 9/-1/-1->13->12 [2] -1/-1/-1->13->12 [3] 12/-1/-1->13->20 [4] 12/-1/-1->13->9 [5] 9/-1/-1->13->12 [6] -1/-1/-1->13->12 [7] 12/-1/-1->13->20 [8] 12/-1/-1->13->9 [9] 9/-1/-1->13->12 [10] -1/-1/-1->13->12 [11] 12/5/-1->13->29 [12] 12/-1/-1->13->9 [13] 9/-1/-1->13->12 [14] -1/-1/-1->13->12 [15] 12/5/-1->13->29 comm 0x564c051b5a90 nRanks 64 busId d6000
nid007148:104054:104910 [5] NCCL INFO P2P Chunksize set to 131072
nid007148:104053:104906 [4] NCCL INFO Trees [0] 14/-1/-1->12->13 [1] 13/-1/-1->12->14 [2] 13/-1/-1->12->10 [3] 10/-1/-1->12->13 [4] 14/-1/-1->12->13 [5] 13/-1/-1->12->14 [6] 13/-1/-1->12->10 [7] 10/-1/-1->12->13 [8] 14/-1/-1->12->13 [9] 13/-1/-1->12->14 [10] 13/-1/-1->12->10 [11] 10/21/-1->12->13 [12] 14/-1/-1->12->13 [13] 13/-1/-1->12->14 [14] 13/-1/-1->12->10 [15] 10/21/-1->12->13 comm 0x5616ec3a4640 nRanks 64 busId d1000
nid007148:104053:104906 [4] NCCL INFO P2P Chunksize set to 131072
nid007148:104052:104911 [3] NCCL INFO Trees [0] 10/-1/-1->11->15 [1] 15/-1/-1->11->10 [2] 10/-1/-1->11->9 [3] 9/-1/-1->11->10 [4] 10/-1/-1->11->15 [5] 15/-1/-1->11->10 [6] 10/-1/-1->11->9 [7] 9/-1/-1->11->10 [8] 10/-1/-1->11->15 [9] 15/18/-1->11->10 [10] 10/-1/-1->11->9 [11] 9/-1/-1->11->10 [12] 10/-1/-1->11->15 [13] 15/18/-1->11->10 [14] 10/-1/-1->11->9 [15] 9/-1/-1->11->10 comm 0x5621403c5ac0 nRanks 64 busId ce000
nid007148:104052:104911 [3] NCCL INFO P2P Chunksize set to 131072
nid007134:42329:42434 [7] NCCL INFO Trees [0] 3/-1/-1->7->6 [1] 6/-1/-1->7->3 [2] 6/39/-1->7->-1 [3] -1/-1/-1->7->6 [4] 3/-1/-1->7->6 [5] 6/-1/-1->7->3 [6] 6/39/-1->7->-1 [7] -1/-1/-1->7->6 [8] 3/-1/-1->7->6 [9] 6/-1/-1->7->3 [10] 6/-1/-1->7->15 [11] -1/-1/-1->7->6 [12] 3/-1/-1->7->6 [13] 6/-1/-1->7->3 [14] 6/-1/-1->7->15 [15] -1/-1/-1->7->6 comm 0x556aff6c7a50 nRanks 64 busId de000
nid007134:42327:42437 [6] NCCL INFO Trees [0] 7/-1/-1->6->4 [1] 4/-1/-1->6->7 [2] 0/-1/-1->6->7 [3] 7/-1/-1->6->0 [4] 7/-1/-1->6->4 [5] 4/-1/-1->6->7 [6] 0/-1/-1->6->7 [7] 7/-1/-1->6->0 [8] 7/-1/-1->6->4 [9] 4/-1/-1->6->7 [10] 0/-1/-1->6->7 [11] 7/-1/-1->6->0 [12] 7/-1/-1->6->4 [13] 4/-1/-1->6->7 [14] 0/-1/-1->6->7 [15] 7/-1/-1->6->0 comm 0x5578c051b770 nRanks 64 busId d9000
nid007134:42329:42434 [7] NCCL INFO P2P Chunksize set to 131072
nid007134:42327:42437 [6] NCCL INFO P2P Chunksize set to 131072
nid007148:104050:104907 [2] NCCL INFO Trees [0] -1/-1/-1->10->11 [1] 11/-1/-1->10->19 [2] 12/-1/-1->10->11 [3] 11/-1/-1->10->12 [4] -1/-1/-1->10->11 [5] 11/-1/-1->10->19 [6] 12/-1/-1->10->11 [7] 11/-1/-1->10->12 [8] -1/-1/-1->10->11 [9] 11/2/-1->10->26 [10] 12/-1/-1->10->11 [11] 11/-1/-1->10->12 [12] -1/-1/-1->10->11 [13] 11/2/-1->10->26 [14] 12/-1/-1->10->11 [15] 11/-1/-1->10->12 comm 0x55c245977f30 nRanks 64 busId c9000
nid007148:104050:104907 [2] NCCL INFO P2P Chunksize set to 131072
nid007134:42317:42431 [0] NCCL INFO Channel 00/16 :    0   1   5   4   6   7   3   2   8   9  13  12  14  15  11  10  16  17  21  20
nid007134:42325:42433 [5] NCCL INFO Trees [0] 4/-1/-1->5->1 [1] 1/-1/-1->5->4 [2] -1/-1/-1->5->4 [3] 4/37/-1->5->-1 [4] 4/-1/-1->5->1 [5] 1/-1/-1->5->4 [6] -1/-1/-1->5->4 [7] 4/37/-1->5->-1 [8] 4/-1/-1->5->1 [9] 1/-1/-1->5->4 [10] -1/-1/-1->5->4 [11] 4/-1/-1->5->13 [12] 4/-1/-1->5->1 [13] 1/-1/-1->5->4 [14] -1/-1/-1->5->4 [15] 4/-1/-1->5->13 comm 0x55ee052b20a0 nRanks 64 busId d6000
nid007134:42317:42431 [0] NCCL INFO Channel 01/16 :    0  10  11  15  14  12  13   9   8  18  19  23  22  20  21  17  16  26  27  31
nid007134:42325:42433 [5] NCCL INFO P2P Chunksize set to 131072
nid007134:42317:42431 [0] NCCL INFO Channel 02/16 :    0   1   3   2   4   5  15  14   8   9  11  10  12  13  23  22  16  17  19  18
nid007134:42317:42431 [0] NCCL INFO Channel 03/16 :    0   6   7  13  12  10  11   9   8  14  15  21  20  18  19  17  16  22  23  29
nid007148:104048:104909 [1] NCCL INFO Trees [0] 13/-1/-1->9->8 [1] 8/-1/-1->9->13 [2] 11/-1/-1->9->8 [3] 8/-1/-1->9->11 [4] 13/-1/-1->9->8 [5] 8/-1/-1->9->13 [6] 11/-1/-1->9->8 [7] 8/-1/-1->9->11 [8] 13/16/-1->9->8 [9] 8/-1/-1->9->13 [10] 11/-1/-1->9->8 [11] 8/-1/-1->9->11 [12] 13/16/-1->9->8 [13] 8/-1/-1->9->13 [14] 11/-1/-1->9->8 [15] 8/-1/-1->9->11 comm 0x55cbac9b8e00 nRanks 64 busId c6000
nid007148:104048:104909 [1] NCCL INFO P2P Chunksize set to 131072
nid007134:42318:42435 [1] NCCL INFO Trees [0] 5/-1/-1->1->0 [1] 0/-1/-1->1->5 [2] 3/-1/-1->1->0 [3] 0/-1/-1->1->3 [4] 5/-1/-1->1->0 [5] 0/-1/-1->1->5 [6] 3/-1/-1->1->0 [7] 0/-1/-1->1->3 [8] 5/-1/-1->1->0 [9] 0/-1/-1->1->5 [10] 3/-1/-1->1->0 [11] 0/-1/-1->1->3 [12] 5/-1/-1->1->0 [13] 0/-1/-1->1->5 [14] 3/-1/-1->1->0 [15] 0/-1/-1->1->3 comm 0x5570d108c8b0 nRanks 64 busId c6000
nid007134:42323:42432 [4] NCCL INFO Trees [0] 6/-1/-1->4->5 [1] 5/-1/-1->4->6 [2] 5/-1/-1->4->2 [3] 2/-1/-1->4->5 [4] 6/-1/-1->4->5 [5] 5/-1/-1->4->6 [6] 5/-1/-1->4->2 [7] 2/-1/-1->4->5 [8] 6/-1/-1->4->5 [9] 5/-1/-1->4->6 [10] 5/-1/-1->4->2 [11] 2/-1/-1->4->5 [12] 6/-1/-1->4->5 [13] 5/-1/-1->4->6 [14] 5/-1/-1->4->2 [15] 2/-1/-1->4->5 comm 0x56521e91d870 nRanks 64 busId d1000
nid007134:42317:42431 [0] NCCL INFO Channel 04/16 :    0   1   5   4   6   7   3   2   8   9  13  12  14  15  11  10  16  17  21  20
nid007134:42318:42435 [1] NCCL INFO P2P Chunksize set to 131072
nid007134:42323:42432 [4] NCCL INFO P2P Chunksize set to 131072
nid007148:104047:104905 [0] NCCL INFO Trees [0] 9/-1/-1->8->17 [1] -1/-1/-1->8->9 [2] 9/-1/-1->8->14 [3] 14/-1/-1->8->9 [4] 9/-1/-1->8->17 [5] -1/-1/-1->8->9 [6] 9/-1/-1->8->14 [7] 14/-1/-1->8->9 [8] 9/0/-1->8->24 [9] -1/-1/-1->8->9 [10] 9/-1/-1->8->14 [11] 14/-1/-1->8->9 [12] 9/0/-1->8->24 [13] -1/-1/-1->8->9 [14] 9/-1/-1->8->14 [15] 14/-1/-1->8->9 comm 0x563443df2dd0 nRanks 64 busId c1000
nid007148:104047:104905 [0] NCCL INFO P2P Chunksize set to 131072
nid007134:42317:42431 [0] NCCL INFO Channel 05/16 :    0  10  11  15  14  12  13   9   8  18  19  23  22  20  21  17  16  26  27  31
nid007134:42317:42431 [0] NCCL INFO Channel 06/16 :    0   1   3   2   4   5  15  14   8   9  11  10  12  13  23  22  16  17  19  18
nid007134:42317:42431 [0] NCCL INFO Channel 07/16 :    0   6   7  13  12  10  11   9   8  14  15  21  20  18  19  17  16  22  23  29
nid007134:42321:42436 [3] NCCL INFO Trees [0] 2/-1/-1->3->7 [1] 7/-1/-1->3->2 [2] 2/-1/-1->3->1 [3] 1/-1/-1->3->2 [4] 2/-1/-1->3->7 [5] 7/-1/-1->3->2 [6] 2/-1/-1->3->1 [7] 1/-1/-1->3->2 [8] 2/-1/-1->3->7 [9] 7/-1/-1->3->2 [10] 2/-1/-1->3->1 [11] 1/-1/-1->3->2 [12] 2/-1/-1->3->7 [13] 7/-1/-1->3->2 [14] 2/-1/-1->3->1 [15] 1/-1/-1->3->2 comm 0x560c8932daf0 nRanks 64 busId ce000
nid007669:117673:117778 [7] NCCL INFO Trees [0] 59/-1/-1->63->62 [1] 62/-1/-1->63->59 [2] 62/-1/-1->63->55 [3] -1/-1/-1->63->62 [4] 59/-1/-1->63->62 [5] 62/-1/-1->63->59 [6] 62/-1/-1->63->55 [7] -1/-1/-1->63->62 [8] 59/-1/-1->63->62 [9] 62/-1/-1->63->59 [10] 62/31/-1->63->-1 [11] -1/-1/-1->63->62 [12] 59/-1/-1->63->62 [13] 62/-1/-1->63->59 [14] 62/31/-1->63->-1 [15] -1/-1/-1->63->62 comm 0x558d161cb110 nRanks 64 busId de000
nid007669:117673:117778 [7] NCCL INFO P2P Chunksize set to 131072
nid007669:117670:117781 [5] NCCL INFO Trees [0] 60/-1/-1->61->57 [1] 57/-1/-1->61->60 [2] -1/-1/-1->61->60 [3] 60/-1/-1->61->53 [4] 60/-1/-1->61->57 [5] 57/-1/-1->61->60 [6] -1/-1/-1->61->60 [7] 60/-1/-1->61->53 [8] 60/-1/-1->61->57 [9] 57/-1/-1->61->60 [10] -1/-1/-1->61->60 [11] 60/29/-1->61->-1 [12] 60/-1/-1->61->57 [13] 57/-1/-1->61->60 [14] -1/-1/-1->61->60 [15] 60/29/-1->61->-1 comm 0x5654ddf36020 nRanks 64 busId d6000
nid007649:25116:25237 [7] NCCL INFO Trees [0] 51/-1/-1->55->54 [1] 54/-1/-1->55->51 [2] 54/63/-1->55->39 [3] -1/-1/-1->55->54 [4] 51/-1/-1->55->54 [5] 54/-1/-1->55->51 [6] 54/63/-1->55->39 [7] -1/-1/-1->55->54 [8] 51/-1/-1->55->54 [9] 54/-1/-1->55->51 [10] 54/-1/-1->55->46 [11] -1/-1/-1->55->54 [12] 51/-1/-1->55->54 [13] 54/-1/-1->55->51 [14] 54/-1/-1->55->46 [15] -1/-1/-1->55->54 comm 0x556a6ca94670 nRanks 64 busId de000
nid007649:25116:25237 [7] NCCL INFO P2P Chunksize set to 131072
nid007649:25114:25232 [6] NCCL INFO Trees [0] 55/-1/-1->54->52 [1] 52/-1/-1->54->55 [2] 48/47/-1->54->55 [3] 55/-1/-1->54->48 [4] 55/-1/-1->54->52 [5] 52/-1/-1->54->55 [6] 48/47/-1->54->55 [7] 55/-1/-1->54->48 [8] 55/-1/-1->54->52 [9] 52/-1/-1->54->55 [10] 48/-1/-1->54->55 [11] 55/-1/-1->54->48 [12] 55/-1/-1->54->52 [13] 52/-1/-1->54->55 [14] 48/-1/-1->54->55 [15] 55/-1/-1->54->48 comm 0x55632c22c270 nRanks 64 busId d9000
nid007649:25114:25232 [6] NCCL INFO P2P Chunksize set to 131072
nid007134:42317:42431 [0] NCCL INFO Channel 08/16 :    0   1   5   4   6   7   3   2   8   9  13  12  14  15  11  10  16  17  21  20
nid007134:42321:42436 [3] NCCL INFO P2P Chunksize set to 131072
nid007134:42319:42438 [2] NCCL INFO Trees [0] -1/-1/-1->2->3 [1] 3/34/-1->2->-1 [2] 4/-1/-1->2->3 [3] 3/-1/-1->2->4 [4] -1/-1/-1->2->3 [5] 3/34/-1->2->-1 [6] 4/-1/-1->2->3 [7] 3/-1/-1->2->4 [8] -1/-1/-1->2->3 [9] 3/-1/-1->2->10 [10] 4/-1/-1->2->3 [11] 3/-1/-1->2->4 [12] -1/-1/-1->2->3 [13] 3/-1/-1->2->10 [14] 4/-1/-1->2->3 [15] 3/-1/-1->2->4 comm 0x564796b67cc0 nRanks 64 busId c9000
nid007134:42317:42431 [0] NCCL INFO Channel 09/16 :    0  10  11  15  14  12  13   9   8  18  19  23  22  20  21  17  16  26  27  31
nid007134:42319:42438 [2] NCCL INFO P2P Chunksize set to 131072
nid007134:42317:42431 [0] NCCL INFO Channel 10/16 :    0   1   3   2   4   5  15  14   8   9  11  10  12  13  23  22  16  17  19  18
nid007134:42317:42431 [0] NCCL INFO Channel 11/16 :    0   6   7  13  12  10  11   9   8  14  15  21  20  18  19  17  16  22  23  29
nid007134:42317:42431 [0] NCCL INFO Channel 12/16 :    0   1   5   4   6   7   3   2   8   9  13  12  14  15  11  10  16  17  21  20
nid007134:42317:42431 [0] NCCL INFO Channel 13/16 :    0  10  11  15  14  12  13   9   8  18  19  23  22  20  21  17  16  26  27  31
nid007134:42317:42431 [0] NCCL INFO Channel 14/16 :    0   1   3   2   4   5  15  14   8   9  11  10  12  13  23  22  16  17  19  18
nid007134:42317:42431 [0] NCCL INFO Channel 15/16 :    0   6   7  13  12  10  11   9   8  14  15  21  20  18  19  17  16  22  23  29
nid007669:117671:117774 [6] NCCL INFO Trees [0] 63/-1/-1->62->60 [1] 60/-1/-1->62->63 [2] 56/-1/-1->62->63 [3] 63/-1/-1->62->56 [4] 63/-1/-1->62->60 [5] 60/-1/-1->62->63 [6] 56/-1/-1->62->63 [7] 63/-1/-1->62->56 [8] 63/-1/-1->62->60 [9] 60/-1/-1->62->63 [10] 56/-1/-1->62->63 [11] 63/-1/-1->62->56 [12] 63/-1/-1->62->60 [13] 60/-1/-1->62->63 [14] 56/-1/-1->62->63 [15] 63/-1/-1->62->56 comm 0x55aa66f9c9b0 nRanks 64 busId d9000
nid007669:117670:117781 [5] NCCL INFO P2P Chunksize set to 131072
nid007669:117671:117774 [6] NCCL INFO P2P Chunksize set to 131072
nid007669:117667:117775 [4] NCCL INFO Trees [0] 62/-1/-1->60->61 [1] 61/-1/-1->60->62 [2] 61/-1/-1->60->58 [3] 58/-1/-1->60->61 [4] 62/-1/-1->60->61 [5] 61/-1/-1->60->62 [6] 61/-1/-1->60->58 [7] 58/-1/-1->60->61 [8] 62/-1/-1->60->61 [9] 61/-1/-1->60->62 [10] 61/-1/-1->60->58 [11] 58/-1/-1->60->61 [12] 62/-1/-1->60->61 [13] 61/-1/-1->60->62 [14] 61/-1/-1->60->58 [15] 58/-1/-1->60->61 comm 0x55b430605310 nRanks 64 busId d1000
nid007649:25112:25235 [5] NCCL INFO Trees [0] 52/-1/-1->53->49 [1] 49/-1/-1->53->52 [2] -1/-1/-1->53->52 [3] 52/61/-1->53->37 [4] 52/-1/-1->53->49 [5] 49/-1/-1->53->52 [6] -1/-1/-1->53->52 [7] 52/61/-1->53->37 [8] 52/-1/-1->53->49 [9] 49/-1/-1->53->52 [10] -1/-1/-1->53->52 [11] 52/-1/-1->53->44 [12] 52/-1/-1->53->49 [13] 49/-1/-1->53->52 [14] -1/-1/-1->53->52 [15] 52/-1/-1->53->44 comm 0x555ae0047810 nRanks 64 busId d6000
nid007649:25112:25235 [5] NCCL INFO P2P Chunksize set to 131072
nid007669:117667:117775 [4] NCCL INFO P2P Chunksize set to 131072
nid007669:117665:117779 [3] NCCL INFO Trees [0] 58/-1/-1->59->63 [1] 63/-1/-1->59->58 [2] 58/-1/-1->59->57 [3] 57/-1/-1->59->58 [4] 58/-1/-1->59->63 [5] 63/-1/-1->59->58 [6] 58/-1/-1->59->57 [7] 57/-1/-1->59->58 [8] 58/-1/-1->59->63 [9] 63/-1/-1->59->58 [10] 58/-1/-1->59->57 [11] 57/-1/-1->59->58 [12] 58/-1/-1->59->63 [13] 63/-1/-1->59->58 [14] 58/-1/-1->59->57 [15] 57/-1/-1->59->58 comm 0x55b17174d570 nRanks 64 busId ce000
nid007669:117665:117779 [3] NCCL INFO P2P Chunksize set to 131072
nid007649:25110:25236 [4] NCCL INFO Trees [0] 54/-1/-1->52->53 [1] 53/-1/-1->52->54 [2] 53/-1/-1->52->50 [3] 50/45/-1->52->53 [4] 54/-1/-1->52->53 [5] 53/-1/-1->52->54 [6] 53/-1/-1->52->50 [7] 50/45/-1->52->53 [8] 54/-1/-1->52->53 [9] 53/-1/-1->52->54 [10] 53/-1/-1->52->50 [11] 50/-1/-1->52->53 [12] 54/-1/-1->52->53 [13] 53/-1/-1->52->54 [14] 53/-1/-1->52->50 [15] 50/-1/-1->52->53 comm 0x5645efa701c0 nRanks 64 busId d1000
nid007649:25110:25236 [4] NCCL INFO P2P Chunksize set to 131072
nid007649:25108:25233 [3] NCCL INFO Trees [0] 50/-1/-1->51->55 [1] 55/42/-1->51->50 [2] 50/-1/-1->51->49 [3] 49/-1/-1->51->50 [4] 50/-1/-1->51->55 [5] 55/42/-1->51->50 [6] 50/-1/-1->51->49 [7] 49/-1/-1->51->50 [8] 50/-1/-1->51->55 [9] 55/-1/-1->51->50 [10] 50/-1/-1->51->49 [11] 49/-1/-1->51->50 [12] 50/-1/-1->51->55 [13] 55/-1/-1->51->50 [14] 50/-1/-1->51->49 [15] 49/-1/-1->51->50 comm 0x564669e3cce0 nRanks 64 busId ce000
nid007649:25108:25233 [3] NCCL INFO P2P Chunksize set to 131072
nid007669:117663:117780 [2] NCCL INFO Trees [0] -1/-1/-1->58->59 [1] 59/-1/-1->58->50 [2] 60/-1/-1->58->59 [3] 59/-1/-1->58->60 [4] -1/-1/-1->58->59 [5] 59/-1/-1->58->50 [6] 60/-1/-1->58->59 [7] 59/-1/-1->58->60 [8] -1/-1/-1->58->59 [9] 59/26/-1->58->-1 [10] 60/-1/-1->58->59 [11] 59/-1/-1->58->60 [12] -1/-1/-1->58->59 [13] 59/26/-1->58->-1 [14] 60/-1/-1->58->59 [15] 59/-1/-1->58->60 comm 0x562a98f90d60 nRanks 64 busId c9000
nid007669:117663:117780 [2] NCCL INFO P2P Chunksize set to 131072
nid007669:117662:117777 [1] NCCL INFO Trees [0] 61/-1/-1->57->56 [1] 56/-1/-1->57->61 [2] 59/-1/-1->57->56 [3] 56/-1/-1->57->59 [4] 61/-1/-1->57->56 [5] 56/-1/-1->57->61 [6] 59/-1/-1->57->56 [7] 56/-1/-1->57->59 [8] 61/-1/-1->57->56 [9] 56/-1/-1->57->61 [10] 59/-1/-1->57->56 [11] 56/-1/-1->57->59 [12] 61/-1/-1->57->56 [13] 56/-1/-1->57->61 [14] 59/-1/-1->57->56 [15] 56/-1/-1->57->59 comm 0x56437ac305c0 nRanks 64 busId c6000
nid007669:117662:117777 [1] NCCL INFO P2P Chunksize set to 131072
nid007649:25105:25239 [1] NCCL INFO Trees [0] 53/40/-1->49->48 [1] 48/-1/-1->49->53 [2] 51/-1/-1->49->48 [3] 48/-1/-1->49->51 [4] 53/40/-1->49->48 [5] 48/-1/-1->49->53 [6] 51/-1/-1->49->48 [7] 48/-1/-1->49->51 [8] 53/-1/-1->49->48 [9] 48/-1/-1->49->53 [10] 51/-1/-1->49->48 [11] 48/-1/-1->49->51 [12] 53/-1/-1->49->48 [13] 48/-1/-1->49->53 [14] 51/-1/-1->49->48 [15] 48/-1/-1->49->51 comm 0x5598b6e47e50 nRanks 64 busId c6000
nid007649:25105:25239 [1] NCCL INFO P2P Chunksize set to 131072
nid007649:25106:25238 [2] NCCL INFO Trees [0] -1/-1/-1->50->51 [1] 51/58/-1->50->34 [2] 52/-1/-1->50->51 [3] 51/-1/-1->50->52 [4] -1/-1/-1->50->51 [5] 51/58/-1->50->34 [6] 52/-1/-1->50->51 [7] 51/-1/-1->50->52 [8] -1/-1/-1->50->51 [9] 51/-1/-1->50->43 [10] 52/-1/-1->50->51 [11] 51/-1/-1->50->52 [12] -1/-1/-1->50->51 [13] 51/-1/-1->50->43 [14] 52/-1/-1->50->51 [15] 51/-1/-1->50->52 comm 0x55852364ed90 nRanks 64 busId c9000
nid007669:117661:117776 [0] NCCL INFO Trees [0] 57/-1/-1->56->48 [1] -1/-1/-1->56->57 [2] 57/-1/-1->56->62 [3] 62/-1/-1->56->57 [4] 57/-1/-1->56->48 [5] -1/-1/-1->56->57 [6] 57/-1/-1->56->62 [7] 62/-1/-1->56->57 [8] 57/24/-1->56->-1 [9] -1/-1/-1->56->57 [10] 57/-1/-1->56->62 [11] 62/-1/-1->56->57 [12] 57/24/-1->56->-1 [13] -1/-1/-1->56->57 [14] 57/-1/-1->56->62 [15] 62/-1/-1->56->57 comm 0x55e91980f270 nRanks 64 busId c1000
nid007669:117661:117776 [0] NCCL INFO P2P Chunksize set to 131072
nid007649:25104:25234 [0] NCCL INFO Trees [0] 49/56/-1->48->32 [1] -1/-1/-1->48->49 [2] 49/-1/-1->48->54 [3] 54/-1/-1->48->49 [4] 49/56/-1->48->32 [5] -1/-1/-1->48->49 [6] 49/-1/-1->48->54 [7] 54/-1/-1->48->49 [8] 49/-1/-1->48->41 [9] -1/-1/-1->48->49 [10] 49/-1/-1->48->54 [11] 54/-1/-1->48->49 [12] 49/-1/-1->48->41 [13] -1/-1/-1->48->49 [14] 49/-1/-1->48->54 [15] 54/-1/-1->48->49 comm 0x556df0797010 nRanks 64 busId c1000
nid007649:25106:25238 [2] NCCL INFO P2P Chunksize set to 131072
nid007649:25104:25234 [0] NCCL INFO P2P Chunksize set to 131072
nid007518:57433:57543 [4] NCCL INFO Channel 01/0 : 28[d1000] -> 29[d6000] via P2P/IPC comm 0x5616d77baf40 nRanks 64
nid007518:57428:57548 [2] NCCL INFO Channel 01/0 : 26[c9000] -> 27[ce000] via P2P/IPC comm 0x55979e067280 nRanks 64
nid007518:57426:57546 [0] NCCL INFO Channel 00/0 : 24[c1000] -> 25[c6000] via P2P/IPC comm 0x55e4845d0230 nRanks 64
nid007405:53914:54038 [4] NCCL INFO Channel 01/0 : 20[d1000] -> 21[d6000] via P2P/IPC comm 0x56507236b350 nRanks 64
nid007405:53918:54043 [6] NCCL INFO Channel 00/0 : 22[d9000] -> 23[de000] via P2P/IPC comm 0x560276ee1580 nRanks 64
nid007405:53910:54037 [2] NCCL INFO Channel 01/0 : 18[c9000] -> 19[ce000] via P2P/IPC comm 0x557ed6ff2210 nRanks 64
nid007405:53908:54036 [0] NCCL INFO Channel 00/0 : 16[c1000] -> 17[c6000] via P2P/IPC comm 0x5616360497c0 nRanks 64
nid007405:53914:54038 [4] NCCL INFO Channel 02/0 : 20[d1000] -> 21[d6000] via P2P/IPC comm 0x56507236b350 nRanks 64
nid007518:57433:57543 [4] NCCL INFO Channel 02/0 : 28[d1000] -> 29[d6000] via P2P/IPC comm 0x5616d77baf40 nRanks 64
nid007518:57426:57546 [0] NCCL INFO Channel 02/0 : 24[c1000] -> 25[c6000] via P2P/IPC comm 0x55e4845d0230 nRanks 64
nid007518:57436:57545 [6] NCCL INFO Channel 00/0 : 30[d9000] -> 31[de000] via P2P/IPC comm 0x55eb7cd39650 nRanks 64
nid007405:53910:54037 [2] NCCL INFO Channel 03/0 : 18[c9000] -> 19[ce000] via P2P/IPC comm 0x557ed6ff2210 nRanks 64
nid007405:53918:54043 [6] NCCL INFO Channel 03/0 : 22[d9000] -> 23[de000] via P2P/IPC comm 0x560276ee1580 nRanks 64
nid007518:57428:57548 [2] NCCL INFO Channel 03/0 : 26[c9000] -> 27[ce000] via P2P/IPC comm 0x55979e067280 nRanks 64
nid007405:53914:54038 [4] NCCL INFO Channel 05/0 : 20[d1000] -> 21[d6000] via P2P/IPC comm 0x56507236b350 nRanks 64
nid007518:57426:57546 [0] NCCL INFO Channel 04/0 : 24[c1000] -> 25[c6000] via P2P/IPC comm 0x55e4845d0230 nRanks 64
nid007518:57433:57543 [4] NCCL INFO Channel 05/0 : 28[d1000] -> 29[d6000] via P2P/IPC comm 0x5616d77baf40 nRanks 64
nid007405:53910:54037 [2] NCCL INFO Channel 05/0 : 18[c9000] -> 19[ce000] via P2P/IPC comm 0x557ed6ff2210 nRanks 64
nid007405:53918:54043 [6] NCCL INFO Channel 04/0 : 22[d9000] -> 23[de000] via P2P/IPC comm 0x560276ee1580 nRanks 64
nid007518:57428:57548 [2] NCCL INFO Channel 05/0 : 26[c9000] -> 27[ce000] via P2P/IPC comm 0x55979e067280 nRanks 64
nid007405:53908:54036 [0] NCCL INFO Channel 02/0 : 16[c1000] -> 17[c6000] via P2P/IPC comm 0x5616360497c0 nRanks 64
nid007405:53914:54038 [4] NCCL INFO Channel 06/0 : 20[d1000] -> 21[d6000] via P2P/IPC comm 0x56507236b350 nRanks 64
nid007518:57426:57546 [0] NCCL INFO Channel 06/0 : 24[c1000] -> 25[c6000] via P2P/IPC comm 0x55e4845d0230 nRanks 64
nid007518:57433:57543 [4] NCCL INFO Channel 06/0 : 28[d1000] -> 29[d6000] via P2P/IPC comm 0x5616d77baf40 nRanks 64
nid007405:53910:54037 [2] NCCL INFO Channel 07/0 : 18[c9000] -> 19[ce000] via P2P/IPC comm 0x557ed6ff2210 nRanks 64
nid007518:57428:57548 [2] NCCL INFO Channel 07/0 : 26[c9000] -> 27[ce000] via P2P/IPC comm 0x55979e067280 nRanks 64
nid007405:53918:54043 [6] NCCL INFO Channel 07/0 : 22[d9000] -> 23[de000] via P2P/IPC comm 0x560276ee1580 nRanks 64
nid007405:53908:54036 [0] NCCL INFO Channel 04/0 : 16[c1000] -> 17[c6000] via P2P/IPC comm 0x5616360497c0 nRanks 64
nid007405:53914:54038 [4] NCCL INFO Channel 09/0 : 20[d1000] -> 21[d6000] via P2P/IPC comm 0x56507236b350 nRanks 64
nid007518:57426:57546 [0] NCCL INFO Channel 08/0 : 24[c1000] -> 25[c6000] via P2P/IPC comm 0x55e4845d0230 nRanks 64
nid007518:57428:57548 [2] NCCL INFO Channel 09/0 : 26[c9000] -> 27[ce000] via P2P/IPC comm 0x55979e067280 nRanks 64
nid007405:53918:54043 [6] NCCL INFO Channel 08/0 : 22[d9000] -> 23[de000] via P2P/IPC comm 0x560276ee1580 nRanks 64
nid007405:53910:54037 [2] NCCL INFO Channel 09/0 : 18[c9000] -> 19[ce000] via P2P/IPC comm 0x557ed6ff2210 nRanks 64
nid007518:57433:57543 [4] NCCL INFO Channel 09/0 : 28[d1000] -> 29[d6000] via P2P/IPC comm 0x5616d77baf40 nRanks 64
nid007405:53914:54038 [4] NCCL INFO Channel 10/0 : 20[d1000] -> 21[d6000] via P2P/IPC comm 0x56507236b350 nRanks 64
nid007405:53908:54036 [0] NCCL INFO Channel 06/0 : 16[c1000] -> 17[c6000] via P2P/IPC comm 0x5616360497c0 nRanks 64
nid007518:57426:57546 [0] NCCL INFO Channel 10/0 : 24[c1000] -> 25[c6000] via P2P/IPC comm 0x55e4845d0230 nRanks 64
nid007518:57428:57548 [2] NCCL INFO Channel 11/0 : 26[c9000] -> 27[ce000] via P2P/IPC comm 0x55979e067280 nRanks 64
nid007405:53918:54043 [6] NCCL INFO Channel 11/0 : 22[d9000] -> 23[de000] via P2P/IPC comm 0x560276ee1580 nRanks 64
nid007405:53910:54037 [2] NCCL INFO Channel 11/0 : 18[c9000] -> 19[ce000] via P2P/IPC comm 0x557ed6ff2210 nRanks 64
nid007518:57433:57543 [4] NCCL INFO Channel 10/0 : 28[d1000] -> 29[d6000] via P2P/IPC comm 0x5616d77baf40 nRanks 64
nid007405:53914:54038 [4] NCCL INFO Channel 13/0 : 20[d1000] -> 21[d6000] via P2P/IPC comm 0x56507236b350 nRanks 64
nid007405:53908:54036 [0] NCCL INFO Channel 08/0 : 16[c1000] -> 17[c6000] via P2P/IPC comm 0x5616360497c0 nRanks 64
nid007518:57426:57546 [0] NCCL INFO Channel 12/0 : 24[c1000] -> 25[c6000] via P2P/IPC comm 0x55e4845d0230 nRanks 64
nid007518:57428:57548 [2] NCCL INFO Channel 13/0 : 26[c9000] -> 27[ce000] via P2P/IPC comm 0x55979e067280 nRanks 64
nid007405:53918:54043 [6] NCCL INFO Channel 12/0 : 22[d9000] -> 23[de000] via P2P/IPC comm 0x560276ee1580 nRanks 64
nid007405:53910:54037 [2] NCCL INFO Channel 13/0 : 18[c9000] -> 19[ce000] via P2P/IPC comm 0x557ed6ff2210 nRanks 64
nid007518:57433:57543 [4] NCCL INFO Channel 13/0 : 28[d1000] -> 29[d6000] via P2P/IPC comm 0x5616d77baf40 nRanks 64
nid007405:53914:54038 [4] NCCL INFO Channel 14/0 : 20[d1000] -> 21[d6000] via P2P/IPC comm 0x56507236b350 nRanks 64
nid007518:57426:57546 [0] NCCL INFO Channel 14/0 : 24[c1000] -> 25[c6000] via P2P/IPC comm 0x55e4845d0230 nRanks 64
nid007405:53908:54036 [0] NCCL INFO Channel 10/0 : 16[c1000] -> 17[c6000] via P2P/IPC comm 0x5616360497c0 nRanks 64
nid007518:57428:57548 [2] NCCL INFO Channel 15/0 : 26[c9000] -> 27[ce000] via P2P/IPC comm 0x55979e067280 nRanks 64
nid007405:53918:54043 [6] NCCL INFO Channel 15/0 : 22[d9000] -> 23[de000] via P2P/IPC comm 0x560276ee1580 nRanks 64
nid007405:53910:54037 [2] NCCL INFO Channel 15/0 : 18[c9000] -> 19[ce000] via P2P/IPC comm 0x557ed6ff2210 nRanks 64
nid007518:57433:57543 [4] NCCL INFO Channel 14/0 : 28[d1000] -> 29[d6000] via P2P/IPC comm 0x5616d77baf40 nRanks 64
nid007405:53908:54036 [0] NCCL INFO Channel 12/0 : 16[c1000] -> 17[c6000] via P2P/IPC comm 0x5616360497c0 nRanks 64
nid007518:57427:57542 [1] NCCL INFO Channel 02/0 : 25[c6000] -> 27[ce000] via P2P/IPC comm 0x558b0dcefea0 nRanks 64
nid007518:57428:57548 [2] NCCL INFO Channel 02/0 : 26[c9000] -> 28[d1000] via P2P/IPC comm 0x55979e067280 nRanks 64
nid007405:53910:54037 [2] NCCL INFO Channel 02/0 : 18[c9000] -> 20[d1000] via P2P/IPC comm 0x557ed6ff2210 nRanks 64
nid007405:53908:54036 [0] NCCL INFO Channel 14/0 : 16[c1000] -> 17[c6000] via P2P/IPC comm 0x5616360497c0 nRanks 64
nid007518:57427:57542 [1] NCCL INFO Channel 06/0 : 25[c6000] -> 27[ce000] via P2P/IPC comm 0x558b0dcefea0 nRanks 64
nid007518:57428:57548 [2] NCCL INFO Channel 06/0 : 26[c9000] -> 28[d1000] via P2P/IPC comm 0x55979e067280 nRanks 64
nid007405:53910:54037 [2] NCCL INFO Channel 06/0 : 18[c9000] -> 20[d1000] via P2P/IPC comm 0x557ed6ff2210 nRanks 64
nid007518:57427:57542 [1] NCCL INFO Channel 10/0 : 25[c6000] -> 27[ce000] via P2P/IPC comm 0x558b0dcefea0 nRanks 64
nid007405:53909:54041 [1] NCCL INFO Channel 02/0 : 17[c6000] -> 19[ce000] via P2P/IPC comm 0x561bf697ae80 nRanks 64
nid007518:57428:57548 [2] NCCL INFO Channel 10/0 : 26[c9000] -> 28[d1000] via P2P/IPC comm 0x55979e067280 nRanks 64
nid007405:53910:54037 [2] NCCL INFO Channel 10/0 : 18[c9000] -> 20[d1000] via P2P/IPC comm 0x557ed6ff2210 nRanks 64
nid007518:57427:57542 [1] NCCL INFO Channel 14/0 : 25[c6000] -> 27[ce000] via P2P/IPC comm 0x558b0dcefea0 nRanks 64
nid007405:53909:54041 [1] NCCL INFO Channel 06/0 : 17[c6000] -> 19[ce000] via P2P/IPC comm 0x561bf697ae80 nRanks 64
nid007518:57428:57548 [2] NCCL INFO Channel 14/0 : 26[c9000] -> 28[d1000] via P2P/IPC comm 0x55979e067280 nRanks 64
nid007405:53910:54037 [2] NCCL INFO Channel 14/0 : 18[c9000] -> 20[d1000] via P2P/IPC comm 0x557ed6ff2210 nRanks 64
nid007405:53914:54038 [4] NCCL INFO Channel 00/0 : 20[d1000] -> 22[d9000] via P2P/IPC comm 0x56507236b350 nRanks 64
nid007405:53909:54041 [1] NCCL INFO Channel 10/0 : 17[c6000] -> 19[ce000] via P2P/IPC comm 0x561bf697ae80 nRanks 64
nid007518:57427:57542 [1] NCCL INFO Channel 00/0 : 25[c6000] -> 29[d6000] via P2P/IPC comm 0x558b0dcefea0 nRanks 64
nid007405:53914:54038 [4] NCCL INFO Channel 04/0 : 20[d1000] -> 22[d9000] via P2P/IPC comm 0x56507236b350 nRanks 64
nid007518:57430:57547 [3] NCCL INFO Channel 01/0 : 27[ce000] -> 31[de000] via P2P/IPC comm 0x55a259538800 nRanks 64
nid007405:53909:54041 [1] NCCL INFO Channel 14/0 : 17[c6000] -> 19[ce000] via P2P/IPC comm 0x561bf697ae80 nRanks 64
nid007518:57433:57543 [4] NCCL INFO Channel 00/0 : 28[d1000] -> 30[d9000] via P2P/IPC comm 0x5616d77baf40 nRanks 64
nid007518:57427:57542 [1] NCCL INFO Channel 04/0 : 25[c6000] -> 29[d6000] via P2P/IPC comm 0x558b0dcefea0 nRanks 64
nid007405:53914:54038 [4] NCCL INFO Channel 08/0 : 20[d1000] -> 22[d9000] via P2P/IPC comm 0x56507236b350 nRanks 64
nid007518:57430:57547 [3] NCCL INFO Channel 05/0 : 27[ce000] -> 31[de000] via P2P/IPC comm 0x55a259538800 nRanks 64
nid007518:57436:57545 [6] NCCL INFO Channel 03/0 : 30[d9000] -> 31[de000] via P2P/IPC comm 0x55eb7cd39650 nRanks 64
nid007405:53912:54040 [3] NCCL INFO Channel 01/0 : 19[ce000] -> 23[de000] via P2P/IPC comm 0x55937bb98e90 nRanks 64
nid007405:53909:54041 [1] NCCL INFO Channel 00/0 : 17[c6000] -> 21[d6000] via P2P/IPC comm 0x561bf697ae80 nRanks 64
nid007518:57433:57543 [4] NCCL INFO Channel 04/0 : 28[d1000] -> 30[d9000] via P2P/IPC comm 0x5616d77baf40 nRanks 64
nid007405:53914:54038 [4] NCCL INFO Channel 12/0 : 20[d1000] -> 22[d9000] via P2P/IPC comm 0x56507236b350 nRanks 64
nid007518:57427:57542 [1] NCCL INFO Channel 08/0 : 25[c6000] -> 29[d6000] via P2P/IPC comm 0x558b0dcefea0 nRanks 64
nid007518:57430:57547 [3] NCCL INFO Channel 09/0 : 27[ce000] -> 31[de000] via P2P/IPC comm 0x55a259538800 nRanks 64
nid007405:53909:54041 [1] NCCL INFO Channel 04/0 : 17[c6000] -> 21[d6000] via P2P/IPC comm 0x561bf697ae80 nRanks 64
nid007518:57436:57545 [6] NCCL INFO Channel 04/0 : 30[d9000] -> 31[de000] via P2P/IPC comm 0x55eb7cd39650 nRanks 64
nid007405:53912:54040 [3] NCCL INFO Channel 05/0 : 19[ce000] -> 23[de000] via P2P/IPC comm 0x55937bb98e90 nRanks 64
nid007518:57433:57543 [4] NCCL INFO Channel 08/0 : 28[d1000] -> 30[d9000] via P2P/IPC comm 0x5616d77baf40 nRanks 64
nid007518:57426:57546 [0] NCCL INFO Channel 00/0 : 18[c9000] -> 24[c1000] [receive] via NET/AWS Libfabric/0 comm 0x55e4845d0230 nRanks 64
nid007518:57427:57542 [1] NCCL INFO Channel 12/0 : 25[c6000] -> 29[d6000] via P2P/IPC comm 0x558b0dcefea0 nRanks 64
nid007518:57430:57547 [3] NCCL INFO Channel 13/0 : 27[ce000] -> 31[de000] via P2P/IPC comm 0x55a259538800 nRanks 64
nid007518:57426:57546 [0] NCCL INFO Channel 04/0 : 18[c9000] -> 24[c1000] [receive] via NET/AWS Libfabric/0 comm 0x55e4845d0230 nRanks 64
nid007518:57426:57546 [0] NCCL INFO Channel 08/0 : 18[c9000] -> 24[c1000] [receive] via NET/AWS Libfabric/0 comm 0x55e4845d0230 nRanks 64
nid007405:53909:54041 [1] NCCL INFO Channel 08/0 : 17[c6000] -> 21[d6000] via P2P/IPC comm 0x561bf697ae80 nRanks 64
nid007518:57426:57546 [0] NCCL INFO Channel 12/0 : 18[c9000] -> 24[c1000] [receive] via NET/AWS Libfabric/0 comm 0x55e4845d0230 nRanks 64
nid007518:57426:57546 [0] NCCL INFO Channel 03/0 : 24[c1000] -> 30[d9000] via P2P/IPC comm 0x55e4845d0230 nRanks 64
nid007405:53912:54040 [3] NCCL INFO Channel 09/0 : 19[ce000] -> 23[de000] via P2P/IPC comm 0x55937bb98e90 nRanks 64
nid007518:57436:57545 [6] NCCL INFO Channel 07/0 : 30[d9000] -> 31[de000] via P2P/IPC comm 0x55eb7cd39650 nRanks 64
nid007518:57433:57543 [4] NCCL INFO Channel 12/0 : 28[d1000] -> 30[d9000] via P2P/IPC comm 0x5616d77baf40 nRanks 64
nid007405:53910:54037 [2] NCCL INFO Channel 00/0 : 18[c9000] -> 24[c1000] [send] via NET/AWS Libfabric/1 comm 0x557ed6ff2210 nRanks 64
nid007405:53910:54037 [2] NCCL INFO Channel 04/0 : 18[c9000] -> 24[c1000] [send] via NET/AWS Libfabric/1 comm 0x557ed6ff2210 nRanks 64
nid007405:53909:54041 [1] NCCL INFO Channel 12/0 : 17[c6000] -> 21[d6000] via P2P/IPC comm 0x561bf697ae80 nRanks 64
nid007405:53910:54037 [2] NCCL INFO Channel 08/0 : 18[c9000] -> 24[c1000] [send] via NET/AWS Libfabric/1 comm 0x557ed6ff2210 nRanks 64
nid007405:53912:54040 [3] NCCL INFO Channel 13/0 : 19[ce000] -> 23[de000] via P2P/IPC comm 0x55937bb98e90 nRanks 64
nid007518:57426:57546 [0] NCCL INFO Channel 07/0 : 24[c1000] -> 30[d9000] via P2P/IPC comm 0x55e4845d0230 nRanks 64
nid007405:53910:54037 [2] NCCL INFO Channel 12/0 : 18[c9000] -> 24[c1000] [send] via NET/AWS Libfabric/1 comm 0x557ed6ff2210 nRanks 64
nid007518:57436:57545 [6] NCCL INFO Channel 08/0 : 30[d9000] -> 31[de000] via P2P/IPC comm 0x55eb7cd39650 nRanks 64
nid007518:57426:57546 [0] NCCL INFO Channel 11/0 : 24[c1000] -> 30[d9000] via P2P/IPC comm 0x55e4845d0230 nRanks 64
nid007518:57436:57545 [6] NCCL INFO Channel 11/0 : 30[d9000] -> 31[de000] via P2P/IPC comm 0x55eb7cd39650 nRanks 64
nid007518:57428:57548 [2] NCCL INFO Channel 00/0 : 26[c9000] -> 32[c1000] [send] via NET/AWS Libfabric/1 comm 0x55979e067280 nRanks 64
nid007518:57428:57548 [2] NCCL INFO Channel 04/0 : 26[c9000] -> 32[c1000] [send] via NET/AWS Libfabric/1 comm 0x55979e067280 nRanks 64
nid007518:57428:57548 [2] NCCL INFO Channel 08/0 : 26[c9000] -> 32[c1000] [send] via NET/AWS Libfabric/1 comm 0x55979e067280 nRanks 64
nid007518:57428:57548 [2] NCCL INFO Channel 12/0 : 26[c9000] -> 32[c1000] [send] via NET/AWS Libfabric/1 comm 0x55979e067280 nRanks 64
nid007518:57426:57546 [0] NCCL INFO Channel 15/0 : 24[c1000] -> 30[d9000] via P2P/IPC comm 0x55e4845d0230 nRanks 64
nid007405:53908:54036 [0] NCCL INFO Channel 00/0 : 10[c9000] -> 16[c1000] [receive] via NET/AWS Libfabric/0 comm 0x5616360497c0 nRanks 64
nid007518:57436:57545 [6] NCCL INFO Channel 12/0 : 30[d9000] -> 31[de000] via P2P/IPC comm 0x55eb7cd39650 nRanks 64
nid007405:53908:54036 [0] NCCL INFO Channel 04/0 : 10[c9000] -> 16[c1000] [receive] via NET/AWS Libfabric/0 comm 0x5616360497c0 nRanks 64
nid007405:53908:54036 [0] NCCL INFO Channel 08/0 : 10[c9000] -> 16[c1000] [receive] via NET/AWS Libfabric/0 comm 0x5616360497c0 nRanks 64
nid007405:53908:54036 [0] NCCL INFO Channel 12/0 : 10[c9000] -> 16[c1000] [receive] via NET/AWS Libfabric/0 comm 0x5616360497c0 nRanks 64
nid007405:53908:54036 [0] NCCL INFO Channel 03/0 : 16[c1000] -> 22[d9000] via P2P/IPC comm 0x5616360497c0 nRanks 64
nid007518:57436:57545 [6] NCCL INFO Channel 15/0 : 30[d9000] -> 31[de000] via P2P/IPC comm 0x55eb7cd39650 nRanks 64
nid007405:53908:54036 [0] NCCL INFO Channel 07/0 : 16[c1000] -> 22[d9000] via P2P/IPC comm 0x5616360497c0 nRanks 64
nid007405:53908:54036 [0] NCCL INFO Channel 11/0 : 16[c1000] -> 22[d9000] via P2P/IPC comm 0x5616360497c0 nRanks 64
nid007405:53908:54036 [0] NCCL INFO Channel 15/0 : 16[c1000] -> 22[d9000] via P2P/IPC comm 0x5616360497c0 nRanks 64
nid007518:57434:57549 [5] NCCL INFO Channel 03/0 : 23[de000] -> 29[d6000] [receive] via NET/AWS Libfabric/2 comm 0x560fc4321500 nRanks 64
nid007518:57434:57549 [5] NCCL INFO Channel 07/0 : 23[de000] -> 29[d6000] [receive] via NET/AWS Libfabric/2 comm 0x560fc4321500 nRanks 64
nid007518:57434:57549 [5] NCCL INFO Channel 11/0 : 23[de000] -> 29[d6000] [receive] via NET/AWS Libfabric/2 comm 0x560fc4321500 nRanks 64
nid007518:57434:57549 [5] NCCL INFO Channel 15/0 : 23[de000] -> 29[d6000] [receive] via NET/AWS Libfabric/2 comm 0x560fc4321500 nRanks 64
nid007405:53916:54039 [5] NCCL INFO Channel 03/0 : 15[de000] -> 21[d6000] [receive] via NET/AWS Libfabric/2 comm 0x55c4cf8c7b50 nRanks 64
nid007405:53916:54039 [5] NCCL INFO Channel 07/0 : 15[de000] -> 21[d6000] [receive] via NET/AWS Libfabric/2 comm 0x55c4cf8c7b50 nRanks 64
nid007405:53920:54042 [7] NCCL INFO Channel 03/0 : 23[de000] -> 29[d6000] [send] via NET/AWS Libfabric/3 comm 0x5654a9929a80 nRanks 64
nid007405:53916:54039 [5] NCCL INFO Channel 11/0 : 15[de000] -> 21[d6000] [receive] via NET/AWS Libfabric/2 comm 0x55c4cf8c7b50 nRanks 64
nid007405:53916:54039 [5] NCCL INFO Channel 15/0 : 15[de000] -> 21[d6000] [receive] via NET/AWS Libfabric/2 comm 0x55c4cf8c7b50 nRanks 64
nid007405:53920:54042 [7] NCCL INFO Channel 07/0 : 23[de000] -> 29[d6000] [send] via NET/AWS Libfabric/3 comm 0x5654a9929a80 nRanks 64
nid007518:57438:57544 [7] NCCL INFO Channel 03/0 : 31[de000] -> 37[d6000] [send] via NET/AWS Libfabric/3 comm 0x5562cab36c40 nRanks 64
