nid005645:46737:46848 [5] NCCL INFO rocm_smi_lib: version 6.0.0.0
nid005644:106838:106954 [4] NCCL INFO rocm_smi_lib: version 6.0.0.0
nid005241:11444:11579 [0] NCCL INFO rocm_smi_lib: version 6.0.0.0
nid005643:76301:76432 [2] NCCL INFO rocm_smi_lib: version 6.0.0.0
nid005241:11445:11585 [1] NCCL INFO rocm_smi_lib: version 6.0.0.0
nid005645:46733:46846 [3] NCCL INFO Setting affinity for GPU 3 to fefe0000,00000000,fefe0000
nid005644:106840:106950 [5] NCCL INFO rocm_smi_lib: version 6.0.0.0
nid005644:106842:106951 [6] NCCL INFO rocm_smi_lib: version 6.0.0.0
nid005241:11456:11583 [7] NCCL INFO rocm_smi_lib: version 6.0.0.0
nid005241:11454:11581 [6] NCCL INFO rocm_smi_lib: version 6.0.0.0
nid005645:46729:46844 [0] NCCL INFO Setting affinity for GPU 0 to fefe0000,00000000,fefe0000,00000000
nid005645:46741:46841 [7] NCCL INFO Setting affinity for GPU 7 to fe1e,00000000
nid005241:11452:11584 [5] NCCL INFO rocm_smi_lib: version 6.0.0.0
nid005645:46735:46845 [4] NCCL INFO Setting affinity for GPU 4 to fe
nid005643:76309:76429 [6] NCCL INFO rocm_smi_lib: version 6.0.0.0
nid005645:46730:46847 [1] NCCL INFO Setting affinity for GPU 1 to fefe0000,00000000
nid005645:46737:46848 [5] NCCL INFO Setting affinity for GPU 5 to fe
nid005241:11450:11586 [4] NCCL INFO Setting affinity for GPU 4 to fe
nid005643:76300:76428 [1] NCCL INFO rocm_smi_lib: version 6.0.0.0
nid005241:11444:11579 [0] NCCL INFO Setting affinity for GPU 0 to fefe0000,00000000
nid005643:76299:76431 [0] NCCL INFO rocm_smi_lib: version 6.0.0.0
nid005241:11445:11585 [1] NCCL INFO Setting affinity for GPU 1 to fefe0000,00000000,fefe0000,00000000
nid005643:76305:76427 [4] NCCL INFO Setting affinity for GPU 4 to fefe,00000000,0000fefe
nid005643:76307:76430 [5] NCCL INFO Setting affinity for GPU 5 to fefe,00000000,0000fefe
nid005644:106834:106949 [2] NCCL INFO rocm_smi_lib: version 6.0.0.0
nid005241:11454:11581 [6] NCCL INFO Setting affinity for GPU 6 to fe1e,00000000
nid005241:11456:11583 [7] NCCL INFO Setting affinity for GPU 7 to fe1e,00000000
nid005241:11452:11584 [5] NCCL INFO Setting affinity for GPU 5 to fefe,00000000,0000fefe
nid005644:106844:106947 [7] NCCL INFO rocm_smi_lib: version 6.0.0.0
nid005643:76311:76433 [7] NCCL INFO rocm_smi_lib: version 6.0.0.0
nid005644:106832:106952 [0] NCCL INFO rocm_smi_lib: version 6.0.0.0
nid005643:76303:76434 [3] NCCL INFO rocm_smi_lib: version 6.0.0.0
nid005644:106838:106954 [4] NCCL INFO Setting affinity for GPU 4 to fefe,00000000,0000fefe
nid005644:106833:106953 [1] NCCL INFO rocm_smi_lib: version 6.0.0.0
nid005643:76309:76429 [6] NCCL INFO Setting affinity for GPU 6 to fe1e,00000000
nid005644:106840:106950 [5] NCCL INFO Setting affinity for GPU 5 to fe
nid005644:106842:106951 [6] NCCL INFO Setting affinity for GPU 6 to fe1e,00000000
nid005643:76299:76431 [0] NCCL INFO Setting affinity for GPU 0 to fefe0000,00000000
nid005643:76300:76428 [1] NCCL INFO Setting affinity for GPU 1 to fefe0000,00000000
nid005643:76311:76433 [7] NCCL INFO Setting affinity for GPU 7 to fe1e,00000000
nid005644:106832:106952 [0] NCCL INFO Setting affinity for GPU 0 to fefe0000,00000000
nid005644:106844:106947 [7] NCCL INFO Setting affinity for GPU 7 to fe1e,00000000
nid005644:106833:106953 [1] NCCL INFO Setting affinity for GPU 1 to fefe0000,00000000
nid005644:106836:106948 [3] NCCL INFO Trees [0] 18/-1/-1->19->23 [1] 23/10/-1->19->18 [2] 18/-1/-1->19->17 [3] 17/-1/-1->19->18 [4] 18/-1/-1->19->23 [5] 23/10/-1->19->18 [6] 18/-1/-1->19->17 [7] 17/-1/-1->19->18 [8] 18/-1/-1->19->23 [9] 23/-1/-1->19->18 [10] 18/-1/-1->19->17 [11] 17/-1/-1->19->18 [12] 18/-1/-1->19->23 [13] 23/-1/-1->19->18 [14] 18/-1/-1->19->17 [15] 17/-1/-1->19->18 comm 0x5653a4589db0 nRanks 32 busId ce000
nid005644:106836:106948 [3] NCCL INFO P2P Chunksize set to 131072
nid005644:106838:106954 [4] NCCL INFO Trees [0] 22/-1/-1->20->21 [1] 21/-1/-1->20->22 [2] 21/-1/-1->20->18 [3] 18/13/-1->20->21 [4] 22/-1/-1->20->21 [5] 21/-1/-1->20->22 [6] 21/-1/-1->20->18 [7] 18/13/-1->20->21 [8] 22/-1/-1->20->21 [9] 21/-1/-1->20->22 [10] 21/-1/-1->20->18 [11] 18/-1/-1->20->21 [12] 22/-1/-1->20->21 [13] 21/-1/-1->20->22 [14] 21/-1/-1->20->18 [15] 18/-1/-1->20->21 comm 0x55dfffd59810 nRanks 32 busId d1000
nid005644:106838:106954 [4] NCCL INFO P2P Chunksize set to 131072
nid005643:76311:76433 [7] NCCL INFO Trees [0] 11/-1/-1->15->14 [1] 14/-1/-1->15->11 [2] 14/-1/-1->15->22 [3] -1/-1/-1->15->14 [4] 11/-1/-1->15->14 [5] 14/-1/-1->15->11 [6] 14/-1/-1->15->22 [7] -1/-1/-1->15->14 [8] 11/-1/-1->15->14 [9] 14/-1/-1->15->11 [10] 14/7/-1->15->31 [11] -1/-1/-1->15->14 [12] 11/-1/-1->15->14 [13] 14/-1/-1->15->11 [14] 14/7/-1->15->31 [15] -1/-1/-1->15->14 comm 0x563ba6a0e840 nRanks 32 busId de000
nid005643:76311:76433 [7] NCCL INFO P2P Chunksize set to 131072
nid005643:76309:76429 [6] NCCL INFO Trees [0] 15/-1/-1->14->12 [1] 12/-1/-1->14->15 [2] 8/-1/-1->14->15 [3] 15/-1/-1->14->8 [4] 15/-1/-1->14->12 [5] 12/-1/-1->14->15 [6] 8/-1/-1->14->15 [7] 15/-1/-1->14->8 [8] 15/-1/-1->14->12 [9] 12/-1/-1->14->15 [10] 8/23/-1->14->15 [11] 15/-1/-1->14->8 [12] 15/-1/-1->14->12 [13] 12/-1/-1->14->15 [14] 8/23/-1->14->15 [15] 15/-1/-1->14->8 comm 0x563ce3f9ecb0 nRanks 32 busId d9000
nid005643:76309:76429 [6] NCCL INFO P2P Chunksize set to 131072
nid005644:106834:106949 [2] NCCL INFO Trees [0] -1/-1/-1->18->19 [1] 19/26/-1->18->2 [2] 20/-1/-1->18->19 [3] 19/-1/-1->18->20 [4] -1/-1/-1->18->19 [5] 19/26/-1->18->2 [6] 20/-1/-1->18->19 [7] 19/-1/-1->18->20 [8] -1/-1/-1->18->19 [9] 19/-1/-1->18->11 [10] 20/-1/-1->18->19 [11] 19/-1/-1->18->20 [12] -1/-1/-1->18->19 [13] 19/-1/-1->18->11 [14] 20/-1/-1->18->19 [15] 19/-1/-1->18->20 comm 0x561663ff8d60 nRanks 32 busId c9000
nid005644:106834:106949 [2] NCCL INFO P2P Chunksize set to 131072
nid005644:106833:106953 [1] NCCL INFO Trees [0] 21/8/-1->17->16 [1] 16/-1/-1->17->21 [2] 19/-1/-1->17->16 [3] 16/-1/-1->17->19 [4] 21/8/-1->17->16 [5] 16/-1/-1->17->21 [6] 19/-1/-1->17->16 [7] 16/-1/-1->17->19 [8] 21/-1/-1->17->16 [9] 16/-1/-1->17->21 [10] 19/-1/-1->17->16 [11] 16/-1/-1->17->19 [12] 21/-1/-1->17->16 [13] 16/-1/-1->17->21 [14] 19/-1/-1->17->16 [15] 16/-1/-1->17->19 comm 0x558a548c1970 nRanks 32 busId c6000
nid005644:106833:106953 [1] NCCL INFO P2P Chunksize set to 131072
nid005643:76307:76430 [5] NCCL INFO Trees [0] 12/-1/-1->13->9 [1] 9/-1/-1->13->12 [2] -1/-1/-1->13->12 [3] 12/-1/-1->13->20 [4] 12/-1/-1->13->9 [5] 9/-1/-1->13->12 [6] -1/-1/-1->13->12 [7] 12/-1/-1->13->20 [8] 12/-1/-1->13->9 [9] 9/-1/-1->13->12 [10] -1/-1/-1->13->12 [11] 12/5/-1->13->29 [12] 12/-1/-1->13->9 [13] 9/-1/-1->13->12 [14] -1/-1/-1->13->12 [15] 12/5/-1->13->29 comm 0x55c99eb4d910 nRanks 32 busId d6000
nid005643:76307:76430 [5] NCCL INFO P2P Chunksize set to 131072
nid005241:11456:11583 [7] NCCL INFO Trees [0] 3/-1/-1->7->6 [1] 6/-1/-1->7->3 [2] 6/23/-1->7->-1 [3] -1/-1/-1->7->6 [4] 3/-1/-1->7->6 [5] 6/-1/-1->7->3 [6] 6/23/-1->7->-1 [7] -1/-1/-1->7->6 [8] 3/-1/-1->7->6 [9] 6/-1/-1->7->3 [10] 6/-1/-1->7->15 [11] -1/-1/-1->7->6 [12] 3/-1/-1->7->6 [13] 6/-1/-1->7->3 [14] 6/-1/-1->7->15 [15] -1/-1/-1->7->6 comm 0x55c783cf2450 nRanks 32 busId de000
nid005241:11456:11583 [7] NCCL INFO P2P Chunksize set to 131072
nid005241:11454:11581 [6] NCCL INFO Trees [0] 7/-1/-1->6->4 [1] 4/-1/-1->6->7 [2] 0/-1/-1->6->7 [3] 7/-1/-1->6->0 [4] 7/-1/-1->6->4 [5] 4/-1/-1->6->7 [6] 0/-1/-1->6->7 [7] 7/-1/-1->6->0 [8] 7/-1/-1->6->4 [9] 4/-1/-1->6->7 [10] 0/-1/-1->6->7 [11] 7/-1/-1->6->0 [12] 7/-1/-1->6->4 [13] 4/-1/-1->6->7 [14] 0/-1/-1->6->7 [15] 7/-1/-1->6->0 comm 0x55c8f99c3190 nRanks 32 busId d9000
nid005241:11444:11579 [0] NCCL INFO Channel 00/16 :    0   1   5   4   6   7   3   2   8   9  13  12  14  15  11  10  16  17  21  20
nid005644:106832:106952 [0] NCCL INFO Trees [0] 17/24/-1->16->0 [1] -1/-1/-1->16->17 [2] 17/-1/-1->16->22 [3] 22/-1/-1->16->17 [4] 17/24/-1->16->0 [5] -1/-1/-1->16->17 [6] 17/-1/-1->16->22 [7] 22/-1/-1->16->17 [8] 17/-1/-1->16->9 [9] -1/-1/-1->16->17 [10] 17/-1/-1->16->22 [11] 22/-1/-1->16->17 [12] 17/-1/-1->16->9 [13] -1/-1/-1->16->17 [14] 17/-1/-1->16->22 [15] 22/-1/-1->16->17 comm 0x55a09c775df0 nRanks 32 busId c1000
nid005644:106832:106952 [0] NCCL INFO P2P Chunksize set to 131072
nid005643:76305:76427 [4] NCCL INFO Trees [0] 14/-1/-1->12->13 [1] 13/-1/-1->12->14 [2] 13/-1/-1->12->10 [3] 10/-1/-1->12->13 [4] 14/-1/-1->12->13 [5] 13/-1/-1->12->14 [6] 13/-1/-1->12->10 [7] 10/-1/-1->12->13 [8] 14/-1/-1->12->13 [9] 13/-1/-1->12->14 [10] 13/-1/-1->12->10 [11] 10/21/-1->12->13 [12] 14/-1/-1->12->13 [13] 13/-1/-1->12->14 [14] 13/-1/-1->12->10 [15] 10/21/-1->12->13 comm 0x562e30d78f90 nRanks 32 busId d1000
nid005643:76305:76427 [4] NCCL INFO P2P Chunksize set to 131072
nid005643:76303:76434 [3] NCCL INFO Trees [0] 10/-1/-1->11->15 [1] 15/-1/-1->11->10 [2] 10/-1/-1->11->9 [3] 9/-1/-1->11->10 [4] 10/-1/-1->11->15 [5] 15/-1/-1->11->10 [6] 10/-1/-1->11->9 [7] 9/-1/-1->11->10 [8] 10/-1/-1->11->15 [9] 15/18/-1->11->10 [10] 10/-1/-1->11->9 [11] 9/-1/-1->11->10 [12] 10/-1/-1->11->15 [13] 15/18/-1->11->10 [14] 10/-1/-1->11->9 [15] 9/-1/-1->11->10 comm 0x558652136620 nRanks 32 busId ce000
nid005645:46741:46841 [7] NCCL INFO Trees [0] 27/-1/-1->31->30 [1] 30/-1/-1->31->27 [2] 30/-1/-1->31->23 [3] -1/-1/-1->31->30 [4] 27/-1/-1->31->30 [5] 30/-1/-1->31->27 [6] 30/-1/-1->31->23 [7] -1/-1/-1->31->30 [8] 27/-1/-1->31->30 [9] 30/-1/-1->31->27 [10] 30/15/-1->31->-1 [11] -1/-1/-1->31->30 [12] 27/-1/-1->31->30 [13] 30/-1/-1->31->27 [14] 30/15/-1->31->-1 [15] -1/-1/-1->31->30 comm 0x5557e2be7850 nRanks 32 busId de000
nid005645:46741:46841 [7] NCCL INFO P2P Chunksize set to 131072
nid005645:46739:46842 [6] NCCL INFO Trees [0] 31/-1/-1->30->28 [1] 28/-1/-1->30->31 [2] 24/-1/-1->30->31 [3] 31/-1/-1->30->24 [4] 31/-1/-1->30->28 [5] 28/-1/-1->30->31 [6] 24/-1/-1->30->31 [7] 31/-1/-1->30->24 [8] 31/-1/-1->30->28 [9] 28/-1/-1->30->31 [10] 24/-1/-1->30->31 [11] 31/-1/-1->30->24 [12] 31/-1/-1->30->28 [13] 28/-1/-1->30->31 [14] 24/-1/-1->30->31 [15] 31/-1/-1->30->24 comm 0x564f9ffbf0b0 nRanks 32 busId d9000
nid005645:46739:46842 [6] NCCL INFO P2P Chunksize set to 131072
nid005241:11454:11581 [6] NCCL INFO P2P Chunksize set to 131072
nid005241:11444:11579 [0] NCCL INFO Channel 01/16 :    0  10  11  15  14  12  13   9   8  18  19  23  22  20  21  17  16  26  27  31
nid005241:11452:11584 [5] NCCL INFO Trees [0] 4/-1/-1->5->1 [1] 1/-1/-1->5->4 [2] -1/-1/-1->5->4 [3] 4/21/-1->5->-1 [4] 4/-1/-1->5->1 [5] 1/-1/-1->5->4 [6] -1/-1/-1->5->4 [7] 4/21/-1->5->-1 [8] 4/-1/-1->5->1 [9] 1/-1/-1->5->4 [10] -1/-1/-1->5->4 [11] 4/-1/-1->5->13 [12] 4/-1/-1->5->1 [13] 1/-1/-1->5->4 [14] -1/-1/-1->5->4 [15] 4/-1/-1->5->13 comm 0x55d3a9bcca40 nRanks 32 busId d6000
nid005643:76303:76434 [3] NCCL INFO P2P Chunksize set to 131072
nid005241:11444:11579 [0] NCCL INFO Channel 02/16 :    0   1   3   2   4   5  15  14   8   9  11  10  12  13  23  22  16  17  19  18
nid005241:11452:11584 [5] NCCL INFO P2P Chunksize set to 131072
nid005241:11445:11585 [1] NCCL INFO Trees [0] 5/-1/-1->1->0 [1] 0/-1/-1->1->5 [2] 3/-1/-1->1->0 [3] 0/-1/-1->1->3 [4] 5/-1/-1->1->0 [5] 0/-1/-1->1->5 [6] 3/-1/-1->1->0 [7] 0/-1/-1->1->3 [8] 5/-1/-1->1->0 [9] 0/-1/-1->1->5 [10] 3/-1/-1->1->0 [11] 0/-1/-1->1->3 [12] 5/-1/-1->1->0 [13] 0/-1/-1->1->5 [14] 3/-1/-1->1->0 [15] 0/-1/-1->1->3 comm 0x562c21eb5480 nRanks 32 busId c6000
nid005241:11450:11586 [4] NCCL INFO Trees [0] 6/-1/-1->4->5 [1] 5/-1/-1->4->6 [2] 5/-1/-1->4->2 [3] 2/-1/-1->4->5 [4] 6/-1/-1->4->5 [5] 5/-1/-1->4->6 [6] 5/-1/-1->4->2 [7] 2/-1/-1->4->5 [8] 6/-1/-1->4->5 [9] 5/-1/-1->4->6 [10] 5/-1/-1->4->2 [11] 2/-1/-1->4->5 [12] 6/-1/-1->4->5 [13] 5/-1/-1->4->6 [14] 5/-1/-1->4->2 [15] 2/-1/-1->4->5 comm 0x55a7938d3ef0 nRanks 32 busId d1000
nid005644:106844:106947 [7] NCCL INFO Trees [0] 19/-1/-1->23->22 [1] 22/-1/-1->23->19 [2] 22/31/-1->23->7 [3] -1/-1/-1->23->22 [4] 19/-1/-1->23->22 [5] 22/-1/-1->23->19 [6] 22/31/-1->23->7 [7] -1/-1/-1->23->22 [8] 19/-1/-1->23->22 [9] 22/-1/-1->23->19 [10] 22/-1/-1->23->14 [11] -1/-1/-1->23->22 [12] 19/-1/-1->23->22 [13] 22/-1/-1->23->19 [14] 22/-1/-1->23->14 [15] -1/-1/-1->23->22 comm 0x56051785b5b0 nRanks 32 busId de000
nid005644:106844:106947 [7] NCCL INFO P2P Chunksize set to 131072
nid005643:76301:76432 [2] NCCL INFO Trees [0] -1/-1/-1->10->11 [1] 11/-1/-1->10->19 [2] 12/-1/-1->10->11 [3] 11/-1/-1->10->12 [4] -1/-1/-1->10->11 [5] 11/-1/-1->10->19 [6] 12/-1/-1->10->11 [7] 11/-1/-1->10->12 [8] -1/-1/-1->10->11 [9] 11/2/-1->10->26 [10] 12/-1/-1->10->11 [11] 11/-1/-1->10->12 [12] -1/-1/-1->10->11 [13] 11/2/-1->10->26 [14] 12/-1/-1->10->11 [15] 11/-1/-1->10->12 comm 0x559e4bc9ece0 nRanks 32 busId c9000
nid005643:76301:76432 [2] NCCL INFO P2P Chunksize set to 131072
nid005645:46737:46848 [5] NCCL INFO Trees [0] 28/-1/-1->29->25 [1] 25/-1/-1->29->28 [2] -1/-1/-1->29->28 [3] 28/-1/-1->29->21 [4] 28/-1/-1->29->25 [5] 25/-1/-1->29->28 [6] -1/-1/-1->29->28 [7] 28/-1/-1->29->21 [8] 28/-1/-1->29->25 [9] 25/-1/-1->29->28 [10] -1/-1/-1->29->28 [11] 28/13/-1->29->-1 [12] 28/-1/-1->29->25 [13] 25/-1/-1->29->28 [14] -1/-1/-1->29->28 [15] 28/13/-1->29->-1 comm 0x55ac781483f0 nRanks 32 busId d6000
nid005645:46737:46848 [5] NCCL INFO P2P Chunksize set to 131072
nid005645:46735:46845 [4] NCCL INFO Trees [0] 30/-1/-1->28->29 [1] 29/-1/-1->28->30 [2] 29/-1/-1->28->26 [3] 26/-1/-1->28->29 [4] 30/-1/-1->28->29 [5] 29/-1/-1->28->30 [6] 29/-1/-1->28->26 [7] 26/-1/-1->28->29 [8] 30/-1/-1->28->29 [9] 29/-1/-1->28->30 [10] 29/-1/-1->28->26 [11] 26/-1/-1->28->29 [12] 30/-1/-1->28->29 [13] 29/-1/-1->28->30 [14] 29/-1/-1->28->26 [15] 26/-1/-1->28->29 comm 0x556722002700 nRanks 32 busId d1000
nid005645:46735:46845 [4] NCCL INFO P2P Chunksize set to 131072
nid005241:11444:11579 [0] NCCL INFO Channel 03/16 :    0   6   7  13  12  10  11   9   8  14  15  21  20  18  19  17  16  22  23  29
nid005241:11448:11580 [3] NCCL INFO Trees [0] 2/-1/-1->3->7 [1] 7/-1/-1->3->2 [2] 2/-1/-1->3->1 [3] 1/-1/-1->3->2 [4] 2/-1/-1->3->7 [5] 7/-1/-1->3->2 [6] 2/-1/-1->3->1 [7] 1/-1/-1->3->2 [8] 2/-1/-1->3->7 [9] 7/-1/-1->3->2 [10] 2/-1/-1->3->1 [11] 1/-1/-1->3->2 [12] 2/-1/-1->3->7 [13] 7/-1/-1->3->2 [14] 2/-1/-1->3->1 [15] 1/-1/-1->3->2 comm 0x5616f76b5bc0 nRanks 32 busId ce000
nid005241:11445:11585 [1] NCCL INFO P2P Chunksize set to 131072
nid005241:11446:11582 [2] NCCL INFO Trees [0] -1/-1/-1->2->3 [1] 3/18/-1->2->-1 [2] 4/-1/-1->2->3 [3] 3/-1/-1->2->4 [4] -1/-1/-1->2->3 [5] 3/18/-1->2->-1 [6] 4/-1/-1->2->3 [7] 3/-1/-1->2->4 [8] -1/-1/-1->2->3 [9] 3/-1/-1->2->10 [10] 4/-1/-1->2->3 [11] 3/-1/-1->2->4 [12] -1/-1/-1->2->3 [13] 3/-1/-1->2->10 [14] 4/-1/-1->2->3 [15] 3/-1/-1->2->4 comm 0x55876e8859d0 nRanks 32 busId c9000
nid005644:106840:106950 [5] NCCL INFO Trees [0] 20/-1/-1->21->17 [1] 17/-1/-1->21->20 [2] -1/-1/-1->21->20 [3] 20/29/-1->21->5 [4] 20/-1/-1->21->17 [5] 17/-1/-1->21->20 [6] -1/-1/-1->21->20 [7] 20/29/-1->21->5 [8] 20/-1/-1->21->17 [9] 17/-1/-1->21->20 [10] -1/-1/-1->21->20 [11] 20/-1/-1->21->12 [12] 20/-1/-1->21->17 [13] 17/-1/-1->21->20 [14] -1/-1/-1->21->20 [15] 20/-1/-1->21->12 comm 0x5611faef6930 nRanks 32 busId d6000
nid005644:106840:106950 [5] NCCL INFO P2P Chunksize set to 131072
nid005644:106842:106951 [6] NCCL INFO Trees [0] 23/-1/-1->22->20 [1] 20/-1/-1->22->23 [2] 16/15/-1->22->23 [3] 23/-1/-1->22->16 [4] 23/-1/-1->22->20 [5] 20/-1/-1->22->23 [6] 16/15/-1->22->23 [7] 23/-1/-1->22->16 [8] 23/-1/-1->22->20 [9] 20/-1/-1->22->23 [10] 16/-1/-1->22->23 [11] 23/-1/-1->22->16 [12] 23/-1/-1->22->20 [13] 20/-1/-1->22->23 [14] 16/-1/-1->22->23 [15] 23/-1/-1->22->16 comm 0x55f05aca2f70 nRanks 32 busId d9000
nid005643:76300:76428 [1] NCCL INFO Trees [0] 13/-1/-1->9->8 [1] 8/-1/-1->9->13 [2] 11/-1/-1->9->8 [3] 8/-1/-1->9->11 [4] 13/-1/-1->9->8 [5] 8/-1/-1->9->13 [6] 11/-1/-1->9->8 [7] 8/-1/-1->9->11 [8] 13/16/-1->9->8 [9] 8/-1/-1->9->13 [10] 11/-1/-1->9->8 [11] 8/-1/-1->9->11 [12] 13/16/-1->9->8 [13] 8/-1/-1->9->13 [14] 11/-1/-1->9->8 [15] 8/-1/-1->9->11 comm 0x55e804349070 nRanks 32 busId c6000
nid005643:76300:76428 [1] NCCL INFO P2P Chunksize set to 131072
nid005645:46733:46846 [3] NCCL INFO Trees [0] 26/-1/-1->27->31 [1] 31/-1/-1->27->26 [2] 26/-1/-1->27->25 [3] 25/-1/-1->27->26 [4] 26/-1/-1->27->31 [5] 31/-1/-1->27->26 [6] 26/-1/-1->27->25 [7] 25/-1/-1->27->26 [8] 26/-1/-1->27->31 [9] 31/-1/-1->27->26 [10] 26/-1/-1->27->25 [11] 25/-1/-1->27->26 [12] 26/-1/-1->27->31 [13] 31/-1/-1->27->26 [14] 26/-1/-1->27->25 [15] 25/-1/-1->27->26 comm 0x557485b65620 nRanks 32 busId ce000
nid005645:46733:46846 [3] NCCL INFO P2P Chunksize set to 131072
nid005241:11450:11586 [4] NCCL INFO P2P Chunksize set to 131072
nid005241:11448:11580 [3] NCCL INFO P2P Chunksize set to 131072
nid005241:11446:11582 [2] NCCL INFO P2P Chunksize set to 131072
nid005241:11444:11579 [0] NCCL INFO Channel 04/16 :    0   1   5   4   6   7   3   2   8   9  13  12  14  15  11  10  16  17  21  20
nid005644:106842:106951 [6] NCCL INFO P2P Chunksize set to 131072
nid005643:76299:76431 [0] NCCL INFO Trees [0] 9/-1/-1->8->17 [1] -1/-1/-1->8->9 [2] 9/-1/-1->8->14 [3] 14/-1/-1->8->9 [4] 9/-1/-1->8->17 [5] -1/-1/-1->8->9 [6] 9/-1/-1->8->14 [7] 14/-1/-1->8->9 [8] 9/0/-1->8->24 [9] -1/-1/-1->8->9 [10] 9/-1/-1->8->14 [11] 14/-1/-1->8->9 [12] 9/0/-1->8->24 [13] -1/-1/-1->8->9 [14] 9/-1/-1->8->14 [15] 14/-1/-1->8->9 comm 0x55b8d30ebed0 nRanks 32 busId c1000
nid005643:76299:76431 [0] NCCL INFO P2P Chunksize set to 131072
nid005645:46731:46843 [2] NCCL INFO Trees [0] -1/-1/-1->26->27 [1] 27/-1/-1->26->18 [2] 28/-1/-1->26->27 [3] 27/-1/-1->26->28 [4] -1/-1/-1->26->27 [5] 27/-1/-1->26->18 [6] 28/-1/-1->26->27 [7] 27/-1/-1->26->28 [8] -1/-1/-1->26->27 [9] 27/10/-1->26->-1 [10] 28/-1/-1->26->27 [11] 27/-1/-1->26->28 [12] -1/-1/-1->26->27 [13] 27/10/-1->26->-1 [14] 28/-1/-1->26->27 [15] 27/-1/-1->26->28 comm 0x55cbdbfe59e0 nRanks 32 busId c9000
nid005645:46731:46843 [2] NCCL INFO P2P Chunksize set to 131072
nid005645:46730:46847 [1] NCCL INFO Trees [0] 29/-1/-1->25->24 [1] 24/-1/-1->25->29 [2] 27/-1/-1->25->24 [3] 24/-1/-1->25->27 [4] 29/-1/-1->25->24 [5] 24/-1/-1->25->29 [6] 27/-1/-1->25->24 [7] 24/-1/-1->25->27 [8] 29/-1/-1->25->24 [9] 24/-1/-1->25->29 [10] 27/-1/-1->25->24 [11] 24/-1/-1->25->27 [12] 29/-1/-1->25->24 [13] 24/-1/-1->25->29 [14] 27/-1/-1->25->24 [15] 24/-1/-1->25->27 comm 0x55da61294b00 nRanks 32 busId c6000
nid005241:11444:11579 [0] NCCL INFO Channel 05/16 :    0  10  11  15  14  12  13   9   8  18  19  23  22  20  21  17  16  26  27  31
nid005241:11444:11579 [0] NCCL INFO Channel 06/16 :    0   1   3   2   4   5  15  14   8   9  11  10  12  13  23  22  16  17  19  18
nid005241:11444:11579 [0] NCCL INFO Channel 07/16 :    0   6   7  13  12  10  11   9   8  14  15  21  20  18  19  17  16  22  23  29
nid005241:11444:11579 [0] NCCL INFO Channel 08/16 :    0   1   5   4   6   7   3   2   8   9  13  12  14  15  11  10  16  17  21  20
nid005241:11444:11579 [0] NCCL INFO Channel 09/16 :    0  10  11  15  14  12  13   9   8  18  19  23  22  20  21  17  16  26  27  31
nid005241:11444:11579 [0] NCCL INFO Channel 10/16 :    0   1   3   2   4   5  15  14   8   9  11  10  12  13  23  22  16  17  19  18
nid005645:46729:46844 [0] NCCL INFO Trees [0] 25/-1/-1->24->16 [1] -1/-1/-1->24->25 [2] 25/-1/-1->24->30 [3] 30/-1/-1->24->25 [4] 25/-1/-1->24->16 [5] -1/-1/-1->24->25 [6] 25/-1/-1->24->30 [7] 30/-1/-1->24->25 [8] 25/8/-1->24->-1 [9] -1/-1/-1->24->25 [10] 25/-1/-1->24->30 [11] 30/-1/-1->24->25 [12] 25/8/-1->24->-1 [13] -1/-1/-1->24->25 [14] 25/-1/-1->24->30 [15] 30/-1/-1->24->25 comm 0x563e63d1db30 nRanks 32 busId c1000
nid005645:46730:46847 [1] NCCL INFO P2P Chunksize set to 131072
nid005645:46729:46844 [0] NCCL INFO P2P Chunksize set to 131072
nid005241:11444:11579 [0] NCCL INFO Channel 11/16 :    0   6   7  13  12  10  11   9   8  14  15  21  20  18  19  17  16  22  23  29
nid005241:11444:11579 [0] NCCL INFO Channel 12/16 :    0   1   5   4   6   7   3   2   8   9  13  12  14  15  11  10  16  17  21  20
nid005241:11444:11579 [0] NCCL INFO Channel 13/16 :    0  10  11  15  14  12  13   9   8  18  19  23  22  20  21  17  16  26  27  31
nid005241:11444:11579 [0] NCCL INFO Channel 14/16 :    0   1   3   2   4   5  15  14   8   9  11  10  12  13  23  22  16  17  19  18
nid005241:11444:11579 [0] NCCL INFO Channel 15/16 :    0   6   7  13  12  10  11   9   8  14  15  21  20  18  19  17  16  22  23  29
nid005241:11444:11579 [0] NCCL INFO Trees [0] 1/16/-1->0->-1 [1] -1/-1/-1->0->1 [2] 1/-1/-1->0->6 [3] 6/-1/-1->0->1 [4] 1/16/-1->0->-1 [5] -1/-1/-1->0->1 [6] 1/-1/-1->0->6 [7] 6/-1/-1->0->1 [8] 1/-1/-1->0->8 [9] -1/-1/-1->0->1 [10] 1/-1/-1->0->6 [11] 6/-1/-1->0->1 [12] 1/-1/-1->0->8 [13] -1/-1/-1->0->1 [14] 1/-1/-1->0->6 [15] 6/-1/-1->0->1 comm 0x55e7d81ddce0 nRanks 32 busId c1000
nid005241:11444:11579 [0] NCCL INFO P2P Chunksize set to 131072
nid005644:106832:106952 [0] NCCL INFO Channel 00/0 : 16[c1000] -> 17[c6000] via P2P/IPC comm 0x55a09c775df0 nRanks 32
nid005644:106842:106951 [6] NCCL INFO Channel 00/0 : 22[d9000] -> 23[de000] via P2P/IPC comm 0x55f05aca2f70 nRanks 32
nid005644:106834:106949 [2] NCCL INFO Channel 01/0 : 18[c9000] -> 19[ce000] via P2P/IPC comm 0x561663ff8d60 nRanks 32
nid005644:106838:106954 [4] NCCL INFO Channel 01/0 : 20[d1000] -> 21[d6000] via P2P/IPC comm 0x55dfffd59810 nRanks 32
nid005644:106832:106952 [0] NCCL INFO Channel 02/0 : 16[c1000] -> 17[c6000] via P2P/IPC comm 0x55a09c775df0 nRanks 32
nid005644:106834:106949 [2] NCCL INFO Channel 03/0 : 18[c9000] -> 19[ce000] via P2P/IPC comm 0x561663ff8d60 nRanks 32
nid005644:106842:106951 [6] NCCL INFO Channel 03/0 : 22[d9000] -> 23[de000] via P2P/IPC comm 0x55f05aca2f70 nRanks 32
nid005644:106838:106954 [4] NCCL INFO Channel 02/0 : 20[d1000] -> 21[d6000] via P2P/IPC comm 0x55dfffd59810 nRanks 32
nid005644:106832:106952 [0] NCCL INFO Channel 04/0 : 16[c1000] -> 17[c6000] via P2P/IPC comm 0x55a09c775df0 nRanks 32
nid005644:106834:106949 [2] NCCL INFO Channel 05/0 : 18[c9000] -> 19[ce000] via P2P/IPC comm 0x561663ff8d60 nRanks 32
nid005644:106842:106951 [6] NCCL INFO Channel 04/0 : 22[d9000] -> 23[de000] via P2P/IPC comm 0x55f05aca2f70 nRanks 32
nid005644:106838:106954 [4] NCCL INFO Channel 05/0 : 20[d1000] -> 21[d6000] via P2P/IPC comm 0x55dfffd59810 nRanks 32
nid005644:106832:106952 [0] NCCL INFO Channel 06/0 : 16[c1000] -> 17[c6000] via P2P/IPC comm 0x55a09c775df0 nRanks 32
nid005644:106834:106949 [2] NCCL INFO Channel 07/0 : 18[c9000] -> 19[ce000] via P2P/IPC comm 0x561663ff8d60 nRanks 32
nid005644:106838:106954 [4] NCCL INFO Channel 06/0 : 20[d1000] -> 21[d6000] via P2P/IPC comm 0x55dfffd59810 nRanks 32
nid005644:106842:106951 [6] NCCL INFO Channel 07/0 : 22[d9000] -> 23[de000] via P2P/IPC comm 0x55f05aca2f70 nRanks 32
nid005644:106832:106952 [0] NCCL INFO Channel 08/0 : 16[c1000] -> 17[c6000] via P2P/IPC comm 0x55a09c775df0 nRanks 32
nid005644:106834:106949 [2] NCCL INFO Channel 09/0 : 18[c9000] -> 19[ce000] via P2P/IPC comm 0x561663ff8d60 nRanks 32
nid005644:106838:106954 [4] NCCL INFO Channel 09/0 : 20[d1000] -> 21[d6000] via P2P/IPC comm 0x55dfffd59810 nRanks 32
nid005644:106832:106952 [0] NCCL INFO Channel 10/0 : 16[c1000] -> 17[c6000] via P2P/IPC comm 0x55a09c775df0 nRanks 32
nid005644:106834:106949 [2] NCCL INFO Channel 11/0 : 18[c9000] -> 19[ce000] via P2P/IPC comm 0x561663ff8d60 nRanks 32
nid005644:106842:106951 [6] NCCL INFO Channel 08/0 : 22[d9000] -> 23[de000] via P2P/IPC comm 0x55f05aca2f70 nRanks 32
nid005644:106832:106952 [0] NCCL INFO Channel 12/0 : 16[c1000] -> 17[c6000] via P2P/IPC comm 0x55a09c775df0 nRanks 32
nid005644:106838:106954 [4] NCCL INFO Channel 10/0 : 20[d1000] -> 21[d6000] via P2P/IPC comm 0x55dfffd59810 nRanks 32
nid005644:106834:106949 [2] NCCL INFO Channel 13/0 : 18[c9000] -> 19[ce000] via P2P/IPC comm 0x561663ff8d60 nRanks 32
nid005644:106842:106951 [6] NCCL INFO Channel 11/0 : 22[d9000] -> 23[de000] via P2P/IPC comm 0x55f05aca2f70 nRanks 32
nid005644:106832:106952 [0] NCCL INFO Channel 14/0 : 16[c1000] -> 17[c6000] via P2P/IPC comm 0x55a09c775df0 nRanks 32
nid005644:106838:106954 [4] NCCL INFO Channel 13/0 : 20[d1000] -> 21[d6000] via P2P/IPC comm 0x55dfffd59810 nRanks 32
nid005644:106834:106949 [2] NCCL INFO Channel 15/0 : 18[c9000] -> 19[ce000] via P2P/IPC comm 0x561663ff8d60 nRanks 32
nid005644:106842:106951 [6] NCCL INFO Channel 12/0 : 22[d9000] -> 23[de000] via P2P/IPC comm 0x55f05aca2f70 nRanks 32
nid005644:106833:106953 [1] NCCL INFO Channel 02/0 : 17[c6000] -> 19[ce000] via P2P/IPC comm 0x558a548c1970 nRanks 32
nid005644:106838:106954 [4] NCCL INFO Channel 14/0 : 20[d1000] -> 21[d6000] via P2P/IPC comm 0x55dfffd59810 nRanks 32
nid005644:106842:106951 [6] NCCL INFO Channel 15/0 : 22[d9000] -> 23[de000] via P2P/IPC comm 0x55f05aca2f70 nRanks 32
nid005644:106833:106953 [1] NCCL INFO Channel 06/0 : 17[c6000] -> 19[ce000] via P2P/IPC comm 0x558a548c1970 nRanks 32
nid005644:106833:106953 [1] NCCL INFO Channel 10/0 : 17[c6000] -> 19[ce000] via P2P/IPC comm 0x558a548c1970 nRanks 32
nid005644:106833:106953 [1] NCCL INFO Channel 14/0 : 17[c6000] -> 19[ce000] via P2P/IPC comm 0x558a548c1970 nRanks 32
nid005644:106838:106954 [4] NCCL INFO Channel 00/0 : 20[d1000] -> 22[d9000] via P2P/IPC comm 0x55dfffd59810 nRanks 32
nid005644:106838:106954 [4] NCCL INFO Channel 04/0 : 20[d1000] -> 22[d9000] via P2P/IPC comm 0x55dfffd59810 nRanks 32
nid005644:106832:106952 [0] NCCL INFO Channel 00/0 : 10[c9000] -> 16[c1000] [receive] via NET/AWS Libfabric/0 comm 0x55a09c775df0 nRanks 32
nid005644:106832:106952 [0] NCCL INFO Channel 04/0 : 10[c9000] -> 16[c1000] [receive] via NET/AWS Libfabric/0 comm 0x55a09c775df0 nRanks 32
nid005644:106832:106952 [0] NCCL INFO Channel 08/0 : 10[c9000] -> 16[c1000] [receive] via NET/AWS Libfabric/0 comm 0x55a09c775df0 nRanks 32
nid005644:106832:106952 [0] NCCL INFO Channel 12/0 : 10[c9000] -> 16[c1000] [receive] via NET/AWS Libfabric/0 comm 0x55a09c775df0 nRanks 32
nid005644:106832:106952 [0] NCCL INFO Channel 03/0 : 16[c1000] -> 22[d9000] via P2P/IPC comm 0x55a09c775df0 nRanks 32
nid005644:106838:106954 [4] NCCL INFO Channel 08/0 : 20[d1000] -> 22[d9000] via P2P/IPC comm 0x55dfffd59810 nRanks 32
nid005644:106832:106952 [0] NCCL INFO Channel 07/0 : 16[c1000] -> 22[d9000] via P2P/IPC comm 0x55a09c775df0 nRanks 32
nid005644:106838:106954 [4] NCCL INFO Channel 12/0 : 20[d1000] -> 22[d9000] via P2P/IPC comm 0x55dfffd59810 nRanks 32
nid005644:106832:106952 [0] NCCL INFO Channel 11/0 : 16[c1000] -> 22[d9000] via P2P/IPC comm 0x55a09c775df0 nRanks 32
nid005644:106832:106952 [0] NCCL INFO Channel 15/0 : 16[c1000] -> 22[d9000] via P2P/IPC comm 0x55a09c775df0 nRanks 32
nid005644:106834:106949 [2] NCCL INFO Channel 02/0 : 18[c9000] -> 20[d1000] via P2P/IPC comm 0x561663ff8d60 nRanks 32
nid005644:106834:106949 [2] NCCL INFO Channel 06/0 : 18[c9000] -> 20[d1000] via P2P/IPC comm 0x561663ff8d60 nRanks 32
nid005644:106834:106949 [2] NCCL INFO Channel 10/0 : 18[c9000] -> 20[d1000] via P2P/IPC comm 0x561663ff8d60 nRanks 32
nid005644:106842:106951 [6] NCCL INFO Channel 02/0 : 22[d9000] -> 16[c1000] via P2P/IPC comm 0x55f05aca2f70 nRanks 32
nid005644:106834:106949 [2] NCCL INFO Channel 14/0 : 18[c9000] -> 20[d1000] via P2P/IPC comm 0x561663ff8d60 nRanks 32
nid005644:106832:106952 [0] NCCL INFO Channel 01/0 : 16[c1000] -> 26[c9000] [send] via NET/AWS Libfabric/0 comm 0x55a09c775df0 nRanks 32
nid005644:106832:106952 [0] NCCL INFO Channel 05/0 : 16[c1000] -> 26[c9000] [send] via NET/AWS Libfabric/0 comm 0x55a09c775df0 nRanks 32
nid005644:106832:106952 [0] NCCL INFO Channel 09/0 : 16[c1000] -> 26[c9000] [send] via NET/AWS Libfabric/0 comm 0x55a09c775df0 nRanks 32
nid005644:106832:106952 [0] NCCL INFO Channel 13/0 : 16[c1000] -> 26[c9000] [send] via NET/AWS Libfabric/0 comm 0x55a09c775df0 nRanks 32
nid005644:106833:106953 [1] NCCL INFO Channel 00/0 : 17[c6000] -> 21[d6000] via P2P/IPC comm 0x558a548c1970 nRanks 32
nid005644:106836:106948 [3] NCCL INFO Channel 01/0 : 19[ce000] -> 23[de000] via P2P/IPC comm 0x5653a4589db0 nRanks 32
nid005644:106842:106951 [6] NCCL INFO Channel 06/0 : 22[d9000] -> 16[c1000] via P2P/IPC comm 0x55f05aca2f70 nRanks 32
nid005644:106833:106953 [1] NCCL INFO Channel 04/0 : 17[c6000] -> 21[d6000] via P2P/IPC comm 0x558a548c1970 nRanks 32
nid005644:106834:106949 [2] NCCL INFO Channel 00/0 : 18[c9000] -> 24[c1000] [send] via NET/AWS Libfabric/1 comm 0x561663ff8d60 nRanks 32
nid005644:106836:106948 [3] NCCL INFO Channel 05/0 : 19[ce000] -> 23[de000] via P2P/IPC comm 0x5653a4589db0 nRanks 32
nid005644:106834:106949 [2] NCCL INFO Channel 04/0 : 18[c9000] -> 24[c1000] [send] via NET/AWS Libfabric/1 comm 0x561663ff8d60 nRanks 32
nid005644:106834:106949 [2] NCCL INFO Channel 08/0 : 18[c9000] -> 24[c1000] [send] via NET/AWS Libfabric/1 comm 0x561663ff8d60 nRanks 32
nid005644:106842:106951 [6] NCCL INFO Channel 10/0 : 22[d9000] -> 16[c1000] via P2P/IPC comm 0x55f05aca2f70 nRanks 32
nid005644:106834:106949 [2] NCCL INFO Channel 12/0 : 18[c9000] -> 24[c1000] [send] via NET/AWS Libfabric/1 comm 0x561663ff8d60 nRanks 32
nid005644:106833:106953 [1] NCCL INFO Channel 08/0 : 17[c6000] -> 21[d6000] via P2P/IPC comm 0x558a548c1970 nRanks 32
nid005644:106836:106948 [3] NCCL INFO Channel 09/0 : 19[ce000] -> 23[de000] via P2P/IPC comm 0x5653a4589db0 nRanks 32
nid005643:76309:76429 [6] NCCL INFO Channel 00/0 : 14[d9000] -> 15[de000] via P2P/IPC comm 0x563ce3f9ecb0 nRanks 32
nid005643:76299:76431 [0] NCCL INFO Channel 00/0 : 8[c1000] -> 9[c6000] via P2P/IPC comm 0x55b8d30ebed0 nRanks 32
nid005643:76301:76432 [2] NCCL INFO Channel 01/0 : 10[c9000] -> 11[ce000] via P2P/IPC comm 0x559e4bc9ece0 nRanks 32
nid005643:76305:76427 [4] NCCL INFO Channel 01/0 : 12[d1000] -> 13[d6000] via P2P/IPC comm 0x562e30d78f90 nRanks 32
nid005643:76299:76431 [0] NCCL INFO Channel 02/0 : 8[c1000] -> 9[c6000] via P2P/IPC comm 0x55b8d30ebed0 nRanks 32
nid005643:76301:76432 [2] NCCL INFO Channel 03/0 : 10[c9000] -> 11[ce000] via P2P/IPC comm 0x559e4bc9ece0 nRanks 32
nid005643:76309:76429 [6] NCCL INFO Channel 03/0 : 14[d9000] -> 15[de000] via P2P/IPC comm 0x563ce3f9ecb0 nRanks 32
nid005643:76299:76431 [0] NCCL INFO Channel 04/0 : 8[c1000] -> 9[c6000] via P2P/IPC comm 0x55b8d30ebed0 nRanks 32
nid005643:76305:76427 [4] NCCL INFO Channel 02/0 : 12[d1000] -> 13[d6000] via P2P/IPC comm 0x562e30d78f90 nRanks 32
nid005643:76301:76432 [2] NCCL INFO Channel 05/0 : 10[c9000] -> 11[ce000] via P2P/IPC comm 0x559e4bc9ece0 nRanks 32
nid005643:76309:76429 [6] NCCL INFO Channel 04/0 : 14[d9000] -> 15[de000] via P2P/IPC comm 0x563ce3f9ecb0 nRanks 32
nid005643:76299:76431 [0] NCCL INFO Channel 06/0 : 8[c1000] -> 9[c6000] via P2P/IPC comm 0x55b8d30ebed0 nRanks 32
nid005643:76305:76427 [4] NCCL INFO Channel 05/0 : 12[d1000] -> 13[d6000] via P2P/IPC comm 0x562e30d78f90 nRanks 32
nid005643:76309:76429 [6] NCCL INFO Channel 07/0 : 14[d9000] -> 15[de000] via P2P/IPC comm 0x563ce3f9ecb0 nRanks 32
nid005643:76301:76432 [2] NCCL INFO Channel 07/0 : 10[c9000] -> 11[ce000] via P2P/IPC comm 0x559e4bc9ece0 nRanks 32
nid005643:76299:76431 [0] NCCL INFO Channel 08/0 : 8[c1000] -> 9[c6000] via P2P/IPC comm 0x55b8d30ebed0 nRanks 32
nid005643:76305:76427 [4] NCCL INFO Channel 06/0 : 12[d1000] -> 13[d6000] via P2P/IPC comm 0x562e30d78f90 nRanks 32
nid005643:76309:76429 [6] NCCL INFO Channel 08/0 : 14[d9000] -> 15[de000] via P2P/IPC comm 0x563ce3f9ecb0 nRanks 32
nid005643:76301:76432 [2] NCCL INFO Channel 09/0 : 10[c9000] -> 11[ce000] via P2P/IPC comm 0x559e4bc9ece0 nRanks 32
nid005643:76299:76431 [0] NCCL INFO Channel 10/0 : 8[c1000] -> 9[c6000] via P2P/IPC comm 0x55b8d30ebed0 nRanks 32
nid005644:106842:106951 [6] NCCL INFO Channel 14/0 : 22[d9000] -> 16[c1000] via P2P/IPC comm 0x55f05aca2f70 nRanks 32
nid005643:76305:76427 [4] NCCL INFO Channel 09/0 : 12[d1000] -> 13[d6000] via P2P/IPC comm 0x562e30d78f90 nRanks 32
nid005643:76309:76429 [6] NCCL INFO Channel 11/0 : 14[d9000] -> 15[de000] via P2P/IPC comm 0x563ce3f9ecb0 nRanks 32
nid005643:76301:76432 [2] NCCL INFO Channel 11/0 : 10[c9000] -> 11[ce000] via P2P/IPC comm 0x559e4bc9ece0 nRanks 32
nid005643:76299:76431 [0] NCCL INFO Channel 12/0 : 8[c1000] -> 9[c6000] via P2P/IPC comm 0x55b8d30ebed0 nRanks 32
nid005643:76305:76427 [4] NCCL INFO Channel 10/0 : 12[d1000] -> 13[d6000] via P2P/IPC comm 0x562e30d78f90 nRanks 32
nid005643:76309:76429 [6] NCCL INFO Channel 12/0 : 14[d9000] -> 15[de000] via P2P/IPC comm 0x563ce3f9ecb0 nRanks 32
nid005643:76301:76432 [2] NCCL INFO Channel 13/0 : 10[c9000] -> 11[ce000] via P2P/IPC comm 0x559e4bc9ece0 nRanks 32
nid005643:76305:76427 [4] NCCL INFO Channel 13/0 : 12[d1000] -> 13[d6000] via P2P/IPC comm 0x562e30d78f90 nRanks 32
nid005643:76299:76431 [0] NCCL INFO Channel 14/0 : 8[c1000] -> 9[c6000] via P2P/IPC comm 0x55b8d30ebed0 nRanks 32
nid005643:76309:76429 [6] NCCL INFO Channel 15/0 : 14[d9000] -> 15[de000] via P2P/IPC comm 0x563ce3f9ecb0 nRanks 32
nid005643:76301:76432 [2] NCCL INFO Channel 15/0 : 10[c9000] -> 11[ce000] via P2P/IPC comm 0x559e4bc9ece0 nRanks 32
nid005643:76305:76427 [4] NCCL INFO Channel 14/0 : 12[d1000] -> 13[d6000] via P2P/IPC comm 0x562e30d78f90 nRanks 32
nid005643:76301:76432 [2] NCCL INFO Channel 02/0 : 10[c9000] -> 12[d1000] via P2P/IPC comm 0x559e4bc9ece0 nRanks 32
nid005643:76300:76428 [1] NCCL INFO Channel 02/0 : 9[c6000] -> 11[ce000] via P2P/IPC comm 0x55e804349070 nRanks 32
nid005643:76300:76428 [1] NCCL INFO Channel 06/0 : 9[c6000] -> 11[ce000] via P2P/IPC comm 0x55e804349070 nRanks 32
nid005643:76301:76432 [2] NCCL INFO Channel 06/0 : 10[c9000] -> 12[d1000] via P2P/IPC comm 0x559e4bc9ece0 nRanks 32
nid005644:106833:106953 [1] NCCL INFO Channel 12/0 : 17[c6000] -> 21[d6000] via P2P/IPC comm 0x558a548c1970 nRanks 32
nid005643:76301:76432 [2] NCCL INFO Channel 10/0 : 10[c9000] -> 12[d1000] via P2P/IPC comm 0x559e4bc9ece0 nRanks 32
nid005643:76300:76428 [1] NCCL INFO Channel 10/0 : 9[c6000] -> 11[ce000] via P2P/IPC comm 0x55e804349070 nRanks 32
nid005643:76300:76428 [1] NCCL INFO Channel 14/0 : 9[c6000] -> 11[ce000] via P2P/IPC comm 0x55e804349070 nRanks 32
nid005643:76301:76432 [2] NCCL INFO Channel 14/0 : 10[c9000] -> 12[d1000] via P2P/IPC comm 0x559e4bc9ece0 nRanks 32
nid005643:76305:76427 [4] NCCL INFO Channel 00/0 : 12[d1000] -> 14[d9000] via P2P/IPC comm 0x562e30d78f90 nRanks 32
nid005643:76303:76434 [3] NCCL INFO Channel 01/0 : 11[ce000] -> 15[de000] via P2P/IPC comm 0x558652136620 nRanks 32
nid005643:76300:76428 [1] NCCL INFO Channel 00/0 : 9[c6000] -> 13[d6000] via P2P/IPC comm 0x55e804349070 nRanks 32
nid005643:76305:76427 [4] NCCL INFO Channel 04/0 : 12[d1000] -> 14[d9000] via P2P/IPC comm 0x562e30d78f90 nRanks 32
nid005643:76300:76428 [1] NCCL INFO Channel 04/0 : 9[c6000] -> 13[d6000] via P2P/IPC comm 0x55e804349070 nRanks 32
nid005644:106836:106948 [3] NCCL INFO Channel 13/0 : 19[ce000] -> 23[de000] via P2P/IPC comm 0x5653a4589db0 nRanks 32
nid005643:76303:76434 [3] NCCL INFO Channel 05/0 : 11[ce000] -> 15[de000] via P2P/IPC comm 0x558652136620 nRanks 32
nid005643:76305:76427 [4] NCCL INFO Channel 08/0 : 12[d1000] -> 14[d9000] via P2P/IPC comm 0x562e30d78f90 nRanks 32
nid005643:76300:76428 [1] NCCL INFO Channel 08/0 : 9[c6000] -> 13[d6000] via P2P/IPC comm 0x55e804349070 nRanks 32
nid005643:76303:76434 [3] NCCL INFO Channel 09/0 : 11[ce000] -> 15[de000] via P2P/IPC comm 0x558652136620 nRanks 32
nid005643:76305:76427 [4] NCCL INFO Channel 12/0 : 12[d1000] -> 14[d9000] via P2P/IPC comm 0x562e30d78f90 nRanks 32
nid005643:76300:76428 [1] NCCL INFO Channel 12/0 : 9[c6000] -> 13[d6000] via P2P/IPC comm 0x55e804349070 nRanks 32
nid005643:76299:76431 [0] NCCL INFO Channel 00/0 : 2[c9000] -> 8[c1000] [receive] via NET/AWS Libfabric/0 comm 0x55b8d30ebed0 nRanks 32
nid005643:76303:76434 [3] NCCL INFO Channel 13/0 : 11[ce000] -> 15[de000] via P2P/IPC comm 0x558652136620 nRanks 32
nid005643:76299:76431 [0] NCCL INFO Channel 04/0 : 2[c9000] -> 8[c1000] [receive] via NET/AWS Libfabric/0 comm 0x55b8d30ebed0 nRanks 32
nid005643:76299:76431 [0] NCCL INFO Channel 08/0 : 2[c9000] -> 8[c1000] [receive] via NET/AWS Libfabric/0 comm 0x55b8d30ebed0 nRanks 32
nid005643:76299:76431 [0] NCCL INFO Channel 12/0 : 2[c9000] -> 8[c1000] [receive] via NET/AWS Libfabric/0 comm 0x55b8d30ebed0 nRanks 32
nid005643:76299:76431 [0] NCCL INFO Channel 03/0 : 8[c1000] -> 14[d9000] via P2P/IPC comm 0x55b8d30ebed0 nRanks 32
nid005643:76301:76432 [2] NCCL INFO Channel 00/0 : 10[c9000] -> 16[c1000] [send] via NET/AWS Libfabric/1 comm 0x559e4bc9ece0 nRanks 32
nid005643:76301:76432 [2] NCCL INFO Channel 04/0 : 10[c9000] -> 16[c1000] [send] via NET/AWS Libfabric/1 comm 0x559e4bc9ece0 nRanks 32
nid005643:76299:76431 [0] NCCL INFO Channel 07/0 : 8[c1000] -> 14[d9000] via P2P/IPC comm 0x55b8d30ebed0 nRanks 32
nid005643:76301:76432 [2] NCCL INFO Channel 08/0 : 10[c9000] -> 16[c1000] [send] via NET/AWS Libfabric/1 comm 0x559e4bc9ece0 nRanks 32
nid005643:76301:76432 [2] NCCL INFO Channel 12/0 : 10[c9000] -> 16[c1000] [send] via NET/AWS Libfabric/1 comm 0x559e4bc9ece0 nRanks 32
nid005643:76299:76431 [0] NCCL INFO Channel 11/0 : 8[c1000] -> 14[d9000] via P2P/IPC comm 0x55b8d30ebed0 nRanks 32
nid005643:76299:76431 [0] NCCL INFO Channel 15/0 : 8[c1000] -> 14[d9000] via P2P/IPC comm 0x55b8d30ebed0 nRanks 32
nid005643:76307:76430 [5] NCCL INFO Channel 03/0 : 7[de000] -> 13[d6000] [receive] via NET/AWS Libfabric/2 comm 0x55c99eb4d910 nRanks 32
nid005643:76307:76430 [5] NCCL INFO Channel 07/0 : 7[de000] -> 13[d6000] [receive] via NET/AWS Libfabric/2 comm 0x55c99eb4d910 nRanks 32
nid005643:76307:76430 [5] NCCL INFO Channel 11/0 : 7[de000] -> 13[d6000] [receive] via NET/AWS Libfabric/2 comm 0x55c99eb4d910 nRanks 32
nid005643:76307:76430 [5] NCCL INFO Channel 15/0 : 7[de000] -> 13[d6000] [receive] via NET/AWS Libfabric/2 comm 0x55c99eb4d910 nRanks 32
nid005643:76311:76433 [7] NCCL INFO Channel 03/0 : 15[de000] -> 21[d6000] [send] via NET/AWS Libfabric/3 comm 0x563ba6a0e840 nRanks 32
nid005643:76311:76433 [7] NCCL INFO Channel 07/0 : 15[de000] -> 21[d6000] [send] via NET/AWS Libfabric/3 comm 0x563ba6a0e840 nRanks 32
nid005643:76301:76432 [2] NCCL INFO Channel 01/0 : 0[c1000] -> 10[c9000] [receive] via NET/AWS Libfabric/1 comm 0x559e4bc9ece0 nRanks 32
nid005643:76311:76433 [7] NCCL INFO Channel 11/0 : 15[de000] -> 21[d6000] [send] via NET/AWS Libfabric/3 comm 0x563ba6a0e840 nRanks 32
nid005643:76301:76432 [2] NCCL INFO Channel 05/0 : 0[c1000] -> 10[c9000] [receive] via NET/AWS Libfabric/1 comm 0x559e4bc9ece0 nRanks 32
nid005643:76311:76433 [7] NCCL INFO Channel 15/0 : 15[de000] -> 21[d6000] [send] via NET/AWS Libfabric/3 comm 0x563ba6a0e840 nRanks 32
nid005643:76301:76432 [2] NCCL INFO Channel 09/0 : 0[c1000] -> 10[c9000] [receive] via NET/AWS Libfabric/1 comm 0x559e4bc9ece0 nRanks 32
nid005643:76301:76432 [2] NCCL INFO Channel 13/0 : 0[c1000] -> 10[c9000] [receive] via NET/AWS Libfabric/1 comm 0x559e4bc9ece0 nRanks 32
nid005644:106838:106954 [4] NCCL INFO Channel 03/0 : 20[d1000] -> 18[c9000] via P2P/IPC comm 0x55dfffd59810 nRanks 32
nid005644:106844:106947 [7] NCCL INFO Channel 03/0 : 23[de000] -> 29[d6000] [send] via NET/AWS Libfabric/3 comm 0x56051785b5b0 nRanks 32
nid005644:106844:106947 [7] NCCL INFO Channel 07/0 : 23[de000] -> 29[d6000] [send] via NET/AWS Libfabric/3 comm 0x56051785b5b0 nRanks 32
nid005643:76305:76427 [4] NCCL INFO Channel 03/0 : 12[d1000] -> 10[c9000] via P2P/IPC comm 0x562e30d78f90 nRanks 32
nid005644:106844:106947 [7] NCCL INFO Channel 11/0 : 23[de000] -> 29[d6000] [send] via NET/AWS Libfabric/3 comm 0x56051785b5b0 nRanks 32
nid005643:76309:76429 [6] NCCL INFO Channel 02/0 : 14[d9000] -> 8[c1000] via P2P/IPC comm 0x563ce3f9ecb0 nRanks 32
nid005644:106844:106947 [7] NCCL INFO Channel 15/0 : 23[de000] -> 29[d6000] [send] via NET/AWS Libfabric/3 comm 0x56051785b5b0 nRanks 32
nid005644:106838:106954 [4] NCCL INFO Channel 07/0 : 20[d1000] -> 18[c9000] via P2P/IPC comm 0x55dfffd59810 nRanks 32
nid005643:76305:76427 [4] NCCL INFO Channel 07/0 : 12[d1000] -> 10[c9000] via P2P/IPC comm 0x562e30d78f90 nRanks 32
nid005643:76309:76429 [6] NCCL INFO Channel 06/0 : 14[d9000] -> 8[c1000] via P2P/IPC comm 0x563ce3f9ecb0 nRanks 32
nid005644:106838:106954 [4] NCCL INFO Channel 11/0 : 20[d1000] -> 18[c9000] via P2P/IPC comm 0x55dfffd59810 nRanks 32
nid005643:76305:76427 [4] NCCL INFO Channel 11/0 : 12[d1000] -> 10[c9000] via P2P/IPC comm 0x562e30d78f90 nRanks 32
nid005643:76309:76429 [6] NCCL INFO Channel 10/0 : 14[d9000] -> 8[c1000] via P2P/IPC comm 0x563ce3f9ecb0 nRanks 32
nid005644:106838:106954 [4] NCCL INFO Channel 15/0 : 20[d1000] -> 18[c9000] via P2P/IPC comm 0x55dfffd59810 nRanks 32
nid005643:76305:76427 [4] NCCL INFO Channel 15/0 : 12[d1000] -> 10[c9000] via P2P/IPC comm 0x562e30d78f90 nRanks 32
nid005644:106834:106949 [2] NCCL INFO Channel 01/0 : 8[c1000] -> 18[c9000] [receive] via NET/AWS Libfabric/1 comm 0x561663ff8d60 nRanks 32
nid005643:76309:76429 [6] NCCL INFO Channel 14/0 : 14[d9000] -> 8[c1000] via P2P/IPC comm 0x563ce3f9ecb0 nRanks 32
nid005644:106834:106949 [2] NCCL INFO Channel 05/0 : 8[c1000] -> 18[c9000] [receive] via NET/AWS Libfabric/1 comm 0x561663ff8d60 nRanks 32
nid005644:106834:106949 [2] NCCL INFO Channel 09/0 : 8[c1000] -> 18[c9000] [receive] via NET/AWS Libfabric/1 comm 0x561663ff8d60 nRanks 32
nid005644:106834:106949 [2] NCCL INFO Channel 13/0 : 8[c1000] -> 18[c9000] [receive] via NET/AWS Libfabric/1 comm 0x561663ff8d60 nRanks 32
nid005241:11446:11582 [2] NCCL INFO Channel 01/0 : 2[c9000] -> 3[ce000] via P2P/IPC comm 0x55876e8859d0 nRanks 32
nid005241:11444:11579 [0] NCCL INFO Channel 00/0 : 0[c1000] -> 1[c6000] via P2P/IPC comm 0x55e7d81ddce0 nRanks 32
nid005241:11450:11586 [4] NCCL INFO Channel 01/0 : 4[d1000] -> 5[d6000] via P2P/IPC comm 0x55a7938d3ef0 nRanks 32
nid005645:46735:46845 [4] NCCL INFO Channel 01/0 : 28[d1000] -> 29[d6000] via P2P/IPC comm 0x556722002700 nRanks 32
nid005241:11446:11582 [2] NCCL INFO Channel 03/0 : 2[c9000] -> 3[ce000] via P2P/IPC comm 0x55876e8859d0 nRanks 32
nid005645:46731:46843 [2] NCCL INFO Channel 01/0 : 26[c9000] -> 27[ce000] via P2P/IPC comm 0x55cbdbfe59e0 nRanks 32
nid005241:11444:11579 [0] NCCL INFO Channel 02/0 : 0[c1000] -> 1[c6000] via P2P/IPC comm 0x55e7d81ddce0 nRanks 32
nid005645:46729:46844 [0] NCCL INFO Channel 00/0 : 24[c1000] -> 25[c6000] via P2P/IPC comm 0x563e63d1db30 nRanks 32
nid005241:11450:11586 [4] NCCL INFO Channel 02/0 : 4[d1000] -> 5[d6000] via P2P/IPC comm 0x55a7938d3ef0 nRanks 32
nid005645:46735:46845 [4] NCCL INFO Channel 02/0 : 28[d1000] -> 29[d6000] via P2P/IPC comm 0x556722002700 nRanks 32
nid005241:11444:11579 [0] NCCL INFO Channel 04/0 : 0[c1000] -> 1[c6000] via P2P/IPC comm 0x55e7d81ddce0 nRanks 32
nid005645:46729:46844 [0] NCCL INFO Channel 02/0 : 24[c1000] -> 25[c6000] via P2P/IPC comm 0x563e63d1db30 nRanks 32
nid005241:11450:11586 [4] NCCL INFO Channel 05/0 : 4[d1000] -> 5[d6000] via P2P/IPC comm 0x55a7938d3ef0 nRanks 32
nid005645:46735:46845 [4] NCCL INFO Channel 05/0 : 28[d1000] -> 29[d6000] via P2P/IPC comm 0x556722002700 nRanks 32
nid005241:11454:11581 [6] NCCL INFO Channel 00/0 : 6[d9000] -> 7[de000] via P2P/IPC comm 0x55c8f99c3190 nRanks 32
nid005645:46729:46844 [0] NCCL INFO Channel 04/0 : 24[c1000] -> 25[c6000] via P2P/IPC comm 0x563e63d1db30 nRanks 32
nid005241:11444:11579 [0] NCCL INFO Channel 06/0 : 0[c1000] -> 1[c6000] via P2P/IPC comm 0x55e7d81ddce0 nRanks 32
nid005645:46735:46845 [4] NCCL INFO Channel 06/0 : 28[d1000] -> 29[d6000] via P2P/IPC comm 0x556722002700 nRanks 32
nid005241:11450:11586 [4] NCCL INFO Channel 06/0 : 4[d1000] -> 5[d6000] via P2P/IPC comm 0x55a7938d3ef0 nRanks 32
nid005645:46729:46844 [0] NCCL INFO Channel 06/0 : 24[c1000] -> 25[c6000] via P2P/IPC comm 0x563e63d1db30 nRanks 32
nid005241:11444:11579 [0] NCCL INFO Channel 08/0 : 0[c1000] -> 1[c6000] via P2P/IPC comm 0x55e7d81ddce0 nRanks 32
nid005645:46735:46845 [4] NCCL INFO Channel 09/0 : 28[d1000] -> 29[d6000] via P2P/IPC comm 0x556722002700 nRanks 32
nid005241:11450:11586 [4] NCCL INFO Channel 09/0 : 4[d1000] -> 5[d6000] via P2P/IPC comm 0x55a7938d3ef0 nRanks 32
nid005645:46729:46844 [0] NCCL INFO Channel 08/0 : 24[c1000] -> 25[c6000] via P2P/IPC comm 0x563e63d1db30 nRanks 32
nid005241:11444:11579 [0] NCCL INFO Channel 10/0 : 0[c1000] -> 1[c6000] via P2P/IPC comm 0x55e7d81ddce0 nRanks 32
nid005645:46735:46845 [4] NCCL INFO Channel 10/0 : 28[d1000] -> 29[d6000] via P2P/IPC comm 0x556722002700 nRanks 32
nid005645:46729:46844 [0] NCCL INFO Channel 10/0 : 24[c1000] -> 25[c6000] via P2P/IPC comm 0x563e63d1db30 nRanks 32
nid005241:11450:11586 [4] NCCL INFO Channel 10/0 : 4[d1000] -> 5[d6000] via P2P/IPC comm 0x55a7938d3ef0 nRanks 32
nid005645:46729:46844 [0] NCCL INFO Channel 12/0 : 24[c1000] -> 25[c6000] via P2P/IPC comm 0x563e63d1db30 nRanks 32
nid005645:46735:46845 [4] NCCL INFO Channel 13/0 : 28[d1000] -> 29[d6000] via P2P/IPC comm 0x556722002700 nRanks 32
nid005241:11444:11579 [0] NCCL INFO Channel 12/0 : 0[c1000] -> 1[c6000] via P2P/IPC comm 0x55e7d81ddce0 nRanks 32
nid005645:46739:46842 [6] NCCL INFO Channel 00/0 : 30[d9000] -> 31[de000] via P2P/IPC comm 0x564f9ffbf0b0 nRanks 32
nid005241:11450:11586 [4] NCCL INFO Channel 13/0 : 4[d1000] -> 5[d6000] via P2P/IPC comm 0x55a7938d3ef0 nRanks 32
nid005645:46729:46844 [0] NCCL INFO Channel 14/0 : 24[c1000] -> 25[c6000] via P2P/IPC comm 0x563e63d1db30 nRanks 32
nid005241:11444:11579 [0] NCCL INFO Channel 14/0 : 0[c1000] -> 1[c6000] via P2P/IPC comm 0x55e7d81ddce0 nRanks 32
nid005645:46735:46845 [4] NCCL INFO Channel 14/0 : 28[d1000] -> 29[d6000] via P2P/IPC comm 0x556722002700 nRanks 32
nid005241:11450:11586 [4] NCCL INFO Channel 14/0 : 4[d1000] -> 5[d6000] via P2P/IPC comm 0x55a7938d3ef0 nRanks 32
nid005645:46730:46847 [1] NCCL INFO Channel 02/0 : 25[c6000] -> 27[ce000] via P2P/IPC comm 0x55da61294b00 nRanks 32
nid005241:11445:11585 [1] NCCL INFO Channel 02/0 : 1[c6000] -> 3[ce000] via P2P/IPC comm 0x562c21eb5480 nRanks 32
nid005645:46730:46847 [1] NCCL INFO Channel 06/0 : 25[c6000] -> 27[ce000] via P2P/IPC comm 0x55da61294b00 nRanks 32
nid005241:11445:11585 [1] NCCL INFO Channel 06/0 : 1[c6000] -> 3[ce000] via P2P/IPC comm 0x562c21eb5480 nRanks 32
nid005645:46730:46847 [1] NCCL INFO Channel 10/0 : 25[c6000] -> 27[ce000] via P2P/IPC comm 0x55da61294b00 nRanks 32
nid005241:11445:11585 [1] NCCL INFO Channel 10/0 : 1[c6000] -> 3[ce000] via P2P/IPC comm 0x562c21eb5480 nRanks 32
nid005645:46731:46843 [2] NCCL INFO Channel 03/0 : 26[c9000] -> 27[ce000] via P2P/IPC comm 0x55cbdbfe59e0 nRanks 32
nid005241:11445:11585 [1] NCCL INFO Channel 14/0 : 1[c6000] -> 3[ce000] via P2P/IPC comm 0x562c21eb5480 nRanks 32
nid005645:46730:46847 [1] NCCL INFO Channel 14/0 : 25[c6000] -> 27[ce000] via P2P/IPC comm 0x55da61294b00 nRanks 32
nid005241:11446:11582 [2] NCCL INFO Channel 05/0 : 2[c9000] -> 3[ce000] via P2P/IPC comm 0x55876e8859d0 nRanks 32
nid005645:46731:46843 [2] NCCL INFO Channel 05/0 : 26[c9000] -> 27[ce000] via P2P/IPC comm 0x55cbdbfe59e0 nRanks 32
nid005241:11450:11586 [4] NCCL INFO Channel 00/0 : 4[d1000] -> 6[d9000] via P2P/IPC comm 0x55a7938d3ef0 nRanks 32
nid005645:46735:46845 [4] NCCL INFO Channel 00/0 : 28[d1000] -> 30[d9000] via P2P/IPC comm 0x556722002700 nRanks 32
nid005241:11450:11586 [4] NCCL INFO Channel 04/0 : 4[d1000] -> 6[d9000] via P2P/IPC comm 0x55a7938d3ef0 nRanks 32
nid005645:46731:46843 [2] NCCL INFO Channel 07/0 : 26[c9000] -> 27[ce000] via P2P/IPC comm 0x55cbdbfe59e0 nRanks 32
nid005241:11446:11582 [2] NCCL INFO Channel 07/0 : 2[c9000] -> 3[ce000] via P2P/IPC comm 0x55876e8859d0 nRanks 32
nid005645:46735:46845 [4] NCCL INFO Channel 04/0 : 28[d1000] -> 30[d9000] via P2P/IPC comm 0x556722002700 nRanks 32
nid005241:11450:11586 [4] NCCL INFO Channel 08/0 : 4[d1000] -> 6[d9000] via P2P/IPC comm 0x55a7938d3ef0 nRanks 32
nid005645:46731:46843 [2] NCCL INFO Channel 09/0 : 26[c9000] -> 27[ce000] via P2P/IPC comm 0x55cbdbfe59e0 nRanks 32
nid005241:11446:11582 [2] NCCL INFO Channel 09/0 : 2[c9000] -> 3[ce000] via P2P/IPC comm 0x55876e8859d0 nRanks 32
nid005645:46735:46845 [4] NCCL INFO Channel 08/0 : 28[d1000] -> 30[d9000] via P2P/IPC comm 0x556722002700 nRanks 32
nid005241:11444:11579 [0] NCCL INFO Channel 00/0 : 26[c9000] -> 0[c1000] [receive] via NET/AWS Libfabric/0 comm 0x55e7d81ddce0 nRanks 32
nid005645:46731:46843 [2] NCCL INFO Channel 11/0 : 26[c9000] -> 27[ce000] via P2P/IPC comm 0x55cbdbfe59e0 nRanks 32
nid005241:11444:11579 [0] NCCL INFO Channel 04/0 : 26[c9000] -> 0[c1000] [receive] via NET/AWS Libfabric/0 comm 0x55e7d81ddce0 nRanks 32
nid005645:46735:46845 [4] NCCL INFO Channel 12/0 : 28[d1000] -> 30[d9000] via P2P/IPC comm 0x556722002700 nRanks 32
nid005645:46729:46844 [0] NCCL INFO Channel 00/0 : 18[c9000] -> 24[c1000] [receive] via NET/AWS Libfabric/0 comm 0x563e63d1db30 nRanks 32
nid005241:11444:11579 [0] NCCL INFO Channel 08/0 : 26[c9000] -> 0[c1000] [receive] via NET/AWS Libfabric/0 comm 0x55e7d81ddce0 nRanks 32
nid005645:46729:46844 [0] NCCL INFO Channel 04/0 : 18[c9000] -> 24[c1000] [receive] via NET/AWS Libfabric/0 comm 0x563e63d1db30 nRanks 32
nid005241:11450:11586 [4] NCCL INFO Channel 12/0 : 4[d1000] -> 6[d9000] via P2P/IPC comm 0x55a7938d3ef0 nRanks 32
nid005645:46729:46844 [0] NCCL INFO Channel 08/0 : 18[c9000] -> 24[c1000] [receive] via NET/AWS Libfabric/0 comm 0x563e63d1db30 nRanks 32
nid005241:11444:11579 [0] NCCL INFO Channel 12/0 : 26[c9000] -> 0[c1000] [receive] via NET/AWS Libfabric/0 comm 0x55e7d81ddce0 nRanks 32
nid005645:46729:46844 [0] NCCL INFO Channel 12/0 : 18[c9000] -> 24[c1000] [receive] via NET/AWS Libfabric/0 comm 0x563e63d1db30 nRanks 32
nid005241:11444:11579 [0] NCCL INFO Channel 03/0 : 0[c1000] -> 6[d9000] via P2P/IPC comm 0x55e7d81ddce0 nRanks 32
nid005645:46729:46844 [0] NCCL INFO Channel 03/0 : 24[c1000] -> 30[d9000] via P2P/IPC comm 0x563e63d1db30 nRanks 32
nid005241:11446:11582 [2] NCCL INFO Channel 11/0 : 2[c9000] -> 3[ce000] via P2P/IPC comm 0x55876e8859d0 nRanks 32
nid005645:46731:46843 [2] NCCL INFO Channel 13/0 : 26[c9000] -> 27[ce000] via P2P/IPC comm 0x55cbdbfe59e0 nRanks 32
nid005241:11444:11579 [0] NCCL INFO Channel 07/0 : 0[c1000] -> 6[d9000] via P2P/IPC comm 0x55e7d81ddce0 nRanks 32
nid005645:46729:46844 [0] NCCL INFO Channel 07/0 : 24[c1000] -> 30[d9000] via P2P/IPC comm 0x563e63d1db30 nRanks 32
nid005241:11446:11582 [2] NCCL INFO Channel 13/0 : 2[c9000] -> 3[ce000] via P2P/IPC comm 0x55876e8859d0 nRanks 32
